/home/x_ryabo/Isca-Ryan/exp/10_1480_as007/socrates_aquaplanet_cloud.py:65: DeprecationWarning: Calling np.sum(generator) is deprecated, and in the future will give a different result. Use np.sum(np.fromiter(generator)) or the python sum builtin instead.
  molar_mass_air = sum((fraction * molecular_weights[gas]) for gas, fraction in atmosphere.items())
2026-01-13 10:55:33,006 - isca - INFO - RRTM compilation disabled.
2026-01-13 10:55:33,080 - isca - INFO - Socrates source code already in correct place. Continuing.
2026-01-13 10:55:33,082 - isca - DEBUG - Making directory '/home/x_ryabo/Isca-Ryan_tmp/experiment/10_1480_as007'
2026-01-13 10:55:33,104 - isca - WARNING - Tried to remove run directory but it doesnt exist
2026-01-13 10:55:33,113 - isca - INFO - Emptied run directory '/home/x_ryabo/Isca-Ryan_tmp/experiment/10_1480_as007/run'
2026-01-13 10:55:33,180 - isca - INFO - Writing path_names to '/home/x_ryabo/Isca-Ryan_tmp/codebase/_home_x_ryabo_Isca-Ryan/build/soc_isca/path_names'
2026-01-13 10:55:33,289 - isca - INFO - Running compiler
2026-01-13 10:55:33,298 - isca - INFO - loadmodules for Isca on NSC cluster Tetralith
2026-01-13 10:55:33,298 - isca - INFO - mpiifort
2026-01-13 10:55:33,683 - isca - INFO - The following modules were not unloaded:
2026-01-13 10:55:33,683 - isca - INFO - (Use "module --force purge" to unload all):
2026-01-13 10:55:33,683 - isca - INFO - 1) hpc/.1.10.1
2026-01-13 10:55:33,816 - isca - INFO - ***************************************************
2026-01-13 10:55:33,817 - isca - INFO - You have loaded a buildenv module
2026-01-13 10:55:33,817 - isca - INFO - ***************************************************
2026-01-13 10:55:33,817 - isca - INFO - The buldenv-intel module makes available:
2026-01-13 10:55:33,817 - isca - INFO - - Compilers: icc, ifort, etc.
2026-01-13 10:55:33,817 - isca - INFO - - Mpi library with mpi-wrapped compilers: intel mpi with mpicc, mpifort, etc.
2026-01-13 10:55:33,817 - isca - INFO - - Numerical libraries: intel MKL
2026-01-13 10:55:33,817 - isca - INFO - It also makes a set of dependency library modules available via
2026-01-13 10:55:33,817 - isca - INFO - the regular module command. Just do:
2026-01-13 10:55:33,817 - isca - INFO - module avail
2026-01-13 10:55:33,817 - isca - INFO - to see what is available.
2026-01-13 10:55:33,817 - isca - INFO - NOTE: You shoud never load build environments inside submitted jobs.
2026-01-13 10:55:33,817 - isca - INFO - (with the single exception of when using supercomputer time to compile code.)
2026-01-13 10:55:34,205 - isca - INFO - /home/x_ryabo/Isca-Ryan_tmp/codebase/_home_x_ryabo_Isca-Ryan/build/soc_isca/path_names
2026-01-13 10:55:41,539 - isca - INFO - .................................................................................................................................................................................................................................................................................................................................................................................................................................................... Makefile is ready.
2026-01-13 10:55:41,715 - isca - INFO - make: Nothing to be done for 'all'.
2026-01-13 10:55:41,855 - isca - INFO - make: 'soc_isca.x' is up to date.
2026-01-13 10:55:41,856 - isca - INFO - Compilation complete.
2026-01-13 10:55:41,879 - isca - INFO - Emptied run directory '/home/x_ryabo/Isca-Ryan_tmp/experiment/10_1480_as007/run'
2026-01-13 10:55:43,751 - isca - INFO - Writing namelist to '/home/x_ryabo/Isca-Ryan_tmp/experiment/10_1480_as007/run/input.nml'
2026-01-13 10:55:43,753 - isca - INFO - Writing field_table to '/home/x_ryabo/Isca-Ryan_tmp/experiment/10_1480_as007/run/field_table'
2026-01-13 10:55:43,765 - isca - INFO - Writing diag_table to '/home/x_ryabo/Isca-Ryan_tmp/experiment/10_1480_as007/run/diag_table'
2026-01-13 10:55:43,830 - isca - INFO - Using restart file '/proj/bolinc/users/x_ryabo/Isca-Ryan_outputs/10_1480_as007/restarts/res0281.tar.gz'
2026-01-13 10:55:44,322 - isca - INFO - Restart /proj/bolinc/users/x_ryabo/Isca-Ryan_outputs/10_1480_as007/restarts/res0281.tar.gz extracted to /home/x_ryabo/Isca-Ryan_tmp/experiment/10_1480_as007/run/INPUT
2026-01-13 10:55:44,327 - isca - INFO - Beginning run 282
2026-01-13 10:55:44,338 - isca - INFO - process running as 673831
2026-01-13 10:55:44,339 - isca - DEBUG - loadmodules for Isca on NSC cluster Tetralith
2026-01-13 10:55:44,339 - isca - DEBUG - mpiifort
2026-01-13 10:55:44,579 - isca - DEBUG - The following modules were not unloaded:
2026-01-13 10:55:44,579 - isca - DEBUG - (Use "module --force purge" to unload all):
2026-01-13 10:55:44,579 - isca - DEBUG - 
2026-01-13 10:55:44,579 - isca - DEBUG - 1) hpc/.1.10.1
2026-01-13 10:55:44,689 - isca - DEBUG - ***************************************************
2026-01-13 10:55:44,689 - isca - DEBUG - You have loaded a buildenv module
2026-01-13 10:55:44,689 - isca - DEBUG - ***************************************************
2026-01-13 10:55:44,689 - isca - DEBUG - The buldenv-intel module makes available:
2026-01-13 10:55:44,689 - isca - DEBUG - - Compilers: icc, ifort, etc.
2026-01-13 10:55:44,689 - isca - DEBUG - - Mpi library with mpi-wrapped compilers: intel mpi with mpicc, mpifort, etc.
2026-01-13 10:55:44,689 - isca - DEBUG - - Numerical libraries: intel MKL
2026-01-13 10:55:44,689 - isca - DEBUG - 
2026-01-13 10:55:44,689 - isca - DEBUG - It also makes a set of dependency library modules available via
2026-01-13 10:55:44,689 - isca - DEBUG - the regular module command. Just do:
2026-01-13 10:55:44,689 - isca - DEBUG - module avail
2026-01-13 10:55:44,689 - isca - DEBUG - to see what is available.
2026-01-13 10:55:44,689 - isca - DEBUG - 
2026-01-13 10:55:44,689 - isca - DEBUG - NOTE: You shoud never load build environments inside submitted jobs.
2026-01-13 10:55:44,689 - isca - DEBUG - (with the single exception of when using supercomputer time to compile code.)
2026-01-13 10:55:44,689 - isca - DEBUG - 
2026-01-13 10:55:46,465 - isca - DEBUG - NOTE from PE    0: MPP_DOMAINS_SET_STACK_SIZE: stack size set to    32768.
2026-01-13 10:55:46,465 - isca - DEBUG - &MPP_IO_NML
2026-01-13 10:55:46,465 - isca - DEBUG - HEADER_BUFFER_VAL       =       16384,
2026-01-13 10:55:46,465 - isca - DEBUG - GLOBAL_FIELD_ON_ROOT_PE = T,
2026-01-13 10:55:46,465 - isca - DEBUG - IO_CLOCKS_ON    = F,
2026-01-13 10:55:46,465 - isca - DEBUG - SHUFFLE =           0,
2026-01-13 10:55:46,466 - isca - DEBUG - DEFLATE_LEVEL   =          -1
2026-01-13 10:55:46,466 - isca - DEBUG - /
2026-01-13 10:55:46,467 - isca - DEBUG - NOTE from PE    0: MPP_IO_SET_STACK_SIZE: stack size set to     131072.
2026-01-13 10:55:46,468 - isca - DEBUG - NOTE from PE    0: MPP_DOMAINS_SET_STACK_SIZE: stack size set to   600000.
2026-01-13 10:55:46,476 - isca - DEBUG - starting            1  OpenMP threads per MPI-task
2026-01-13 10:55:46,478 - isca - DEBUG - ATMOS MODEL DOMAIN DECOMPOSITION
2026-01-13 10:55:46,478 - isca - DEBUG - X-AXIS =  128
2026-01-13 10:55:46,478 - isca - DEBUG - Y-AXIS =    4   4   4   4   4   4   4   4   4   4   4   4   4   4   4   4
2026-01-13 10:55:46,535 - isca - DEBUG - NOTE from PE    0: cloud_simple: Using SimCloud cloud scheme
2026-01-13 10:55:46,536 - isca - DEBUG - NOTE from PE    0: ls_cloud: Using Sundqvist (1989) cloud fraction diagnostic formula.
2026-01-13 10:55:46,536 - isca - DEBUG - NOTE from PE    0: cloud_cover: The cloud overlap assumption is MAXIMUM-RANDOM
2026-01-13 10:55:46,537 - isca - DEBUG - NOTE from PE    0: idealized_moist_phys: Using Frierson Quasi-Equilibrium convection scheme.
2026-01-13 10:55:46,538 - isca - DEBUG - 
2026-01-13 10:55:46,538 - isca - WARNING - WARNING from PE    7: socrates_init: dt_rad does not fit into one day an integer number of times
2026-01-13 10:55:46,538 - isca - DEBUG - 
2026-01-13 10:55:46,540 - isca - DEBUG - 
2026-01-13 10:55:46,540 - isca - WARNING - WARNING from PE    4: socrates_init: dt_rad does not fit into one day an integer number of times
2026-01-13 10:55:46,540 - isca - DEBUG - 
2026-01-13 10:55:46,540 - isca - DEBUG - 
2026-01-13 10:55:46,540 - isca - WARNING - WARNING from PE   10: socrates_init: dt_rad does not fit into one day an integer number of times
2026-01-13 10:55:46,540 - isca - DEBUG - 
2026-01-13 10:55:46,540 - isca - DEBUG - 
2026-01-13 10:55:46,540 - isca - WARNING - WARNING from PE    1: socrates_init: dt_rad does not fit into one day an integer number of times
2026-01-13 10:55:46,540 - isca - DEBUG - 
2026-01-13 10:55:46,540 - isca - DEBUG - 
2026-01-13 10:55:46,540 - isca - WARNING - WARNING from PE    8: socrates_init: dt_rad does not fit into one day an integer number of times
2026-01-13 10:55:46,540 - isca - DEBUG - 
2026-01-13 10:55:46,540 - isca - DEBUG - 
2026-01-13 10:55:46,540 - isca - WARNING - WARNING from PE    5: socrates_init: dt_rad does not fit into one day an integer number of times
2026-01-13 10:55:46,540 - isca - DEBUG - 
2026-01-13 10:55:46,540 - isca - DEBUG - 
2026-01-13 10:55:46,540 - isca - WARNING - WARNING from PE   12: socrates_init: dt_rad does not fit into one day an integer number of times
2026-01-13 10:55:46,540 - isca - DEBUG - 
2026-01-13 10:55:46,540 - isca - DEBUG - 
2026-01-13 10:55:46,540 - isca - WARNING - WARNING from PE   11: socrates_init: dt_rad does not fit into one day an integer number of times
2026-01-13 10:55:46,540 - isca - DEBUG - 
2026-01-13 10:55:46,541 - isca - DEBUG - 
2026-01-13 10:55:46,541 - isca - WARNING - WARNING from PE   13: socrates_init: dt_rad does not fit into one day an integer number of times
2026-01-13 10:55:46,541 - isca - DEBUG - 
2026-01-13 10:55:46,541 - isca - DEBUG - 
2026-01-13 10:55:46,541 - isca - WARNING - WARNING from PE   15: socrates_init: dt_rad does not fit into one day an integer number of times
2026-01-13 10:55:46,541 - isca - DEBUG - 
2026-01-13 10:55:46,541 - isca - DEBUG - 
2026-01-13 10:55:46,541 - isca - WARNING - WARNING from PE    3: socrates_init: dt_rad does not fit into one day an integer number of times
2026-01-13 10:55:46,541 - isca - DEBUG - 
2026-01-13 10:55:46,541 - isca - DEBUG - 
2026-01-13 10:55:46,541 - isca - WARNING - WARNING from PE    2: socrates_init: dt_rad does not fit into one day an integer number of times
2026-01-13 10:55:46,541 - isca - DEBUG - 
2026-01-13 10:55:46,541 - isca - DEBUG - 
2026-01-13 10:55:46,541 - isca - WARNING - WARNING from PE   14: socrates_init: dt_rad does not fit into one day an integer number of times
2026-01-13 10:55:46,541 - isca - DEBUG - 
2026-01-13 10:55:46,541 - isca - DEBUG - 
2026-01-13 10:55:46,541 - isca - WARNING - WARNING from PE    9: socrates_init: dt_rad does not fit into one day an integer number of times
2026-01-13 10:55:46,541 - isca - DEBUG - 
2026-01-13 10:55:46,541 - isca - DEBUG - 
2026-01-13 10:55:46,541 - isca - WARNING - WARNING from PE    6: socrates_init: dt_rad does not fit into one day an integer number of times
2026-01-13 10:55:46,541 - isca - DEBUG - 
2026-01-13 10:55:46,545 - isca - DEBUG - 
2026-01-13 10:55:46,545 - isca - WARNING - WARNING from PE    0: socrates_init: dt_rad does not fit into one day an integer number of times
2026-01-13 10:55:46,545 - isca - DEBUG - 
2026-01-13 10:55:46,545 - isca - DEBUG - 
2026-01-13 10:55:46,545 - isca - WARNING - WARNING from PE    0: socrates_init: dt_rad does not fit into one day an integer number of times
2026-01-13 10:55:46,545 - isca - DEBUG - 
2026-01-13 10:55:46,545 - isca - DEBUG - 
2026-01-13 10:55:46,545 - isca - WARNING - WARNING from PE    0: socrates_init: lw_hires_spectral_filename is unset, making equal to lw_spectral_filename
2026-01-13 10:55:46,545 - isca - DEBUG - 
2026-01-13 10:55:46,545 - isca - DEBUG - 
2026-01-13 10:55:46,545 - isca - DEBUG - 
2026-01-13 10:55:46,545 - isca - WARNING - WARNING from PE    0: socrates_init: lw_hires_spectral_filename is unset, making equal to lw_spectral_filename
2026-01-13 10:55:46,546 - isca - DEBUG - 
2026-01-13 10:55:46,546 - isca - DEBUG - 
2026-01-13 10:55:46,546 - isca - WARNING - WARNING from PE    0: socrates_init: sw_hires_spectral_filename is unset, making equal to sw_spectral_filename
2026-01-13 10:55:46,546 - isca - DEBUG - 
2026-01-13 10:55:46,546 - isca - WARNING - WARNING from PE    0: socrates_init: sw_hires_spectral_filename is unset, making equal to sw_spectral_filename
2026-01-13 10:55:46,546 - isca - DEBUG - 
2026-01-13 10:55:47,884 - isca - DEBUG - NOTE from PE    0: Interpolator: Using input file with no time dimension - ozone_1990_notime_zero.nc
2026-01-13 10:55:47,885 - isca - DEBUG - Initializing src field : ozone_1990
2026-01-13 10:55:47,887 - isca - DEBUG - 
2026-01-13 10:55:47,887 - isca - DEBUG - -----------------------------------
2026-01-13 10:55:47,887 - isca - DEBUG - ____                       _
2026-01-13 10:55:47,887 - isca - DEBUG - / ___|  ___   ___ _ __ __ _| |_ ___  ___
2026-01-13 10:55:47,887 - isca - DEBUG - \___ \ / _ \ / __|  __/ _` | __/ _ \/ __|
2026-01-13 10:55:47,887 - isca - DEBUG - ___) | (_) | (__| | | (_| | ||  __/\__ \
2026-01-13 10:55:47,887 - isca - DEBUG - |____/ \___/ \___|_|  \__,_|\__\___||___/
2026-01-13 10:55:47,887 - isca - DEBUG - 
2026-01-13 10:55:47,887 - isca - DEBUG - Initialised Socrates v17.03
2026-01-13 10:55:47,887 - isca - DEBUG - Stellar constant =    1480.00000000000
2026-01-13 10:55:47,887 - isca - DEBUG - Longwave spectral file =
2026-01-13 10:55:47,887 - isca - DEBUG - /proj/bolinc/users/x_ryabo/socrates_edited_for_isca/spectral_files_for_GCMs/Tee
2026-01-13 10:55:47,887 - isca - DEBUG - garden/miniSuran_lw.sf WITH           16  bands
2026-01-13 10:55:47,887 - isca - DEBUG - Longwave hires spectral file =
2026-01-13 10:55:47,887 - isca - DEBUG - /proj/bolinc/users/x_ryabo/socrates_edited_for_isca/spectral_files_for_GCMs/Tee
2026-01-13 10:55:47,887 - isca - DEBUG - garden/miniSuran_lw.sf WITH           16  bands
2026-01-13 10:55:47,887 - isca - DEBUG - Shortwave spectral file =
2026-01-13 10:55:47,888 - isca - DEBUG - /proj/bolinc/users/x_ryabo/socrates_edited_for_isca/spectral_files_for_GCMs/Tee
2026-01-13 10:55:47,888 - isca - DEBUG - garden/miniSuran_sw.sf WITH           16  bands
2026-01-13 10:55:47,888 - isca - DEBUG - Shortwave hires spectral file =
2026-01-13 10:55:47,888 - isca - DEBUG - /proj/bolinc/users/x_ryabo/socrates_edited_for_isca/spectral_files_for_GCMs/Tee
2026-01-13 10:55:47,888 - isca - DEBUG - garden/miniSuran_sw.sf WITH           16  bands
2026-01-13 10:55:47,888 - isca - DEBUG - 
2026-01-13 10:55:47,888 - isca - DEBUG - -----------------------------------
2026-01-13 10:55:47,888 - isca - DEBUG - 
2026-01-13 10:56:28,724 - isca - DEBUG - Integration completed through  8431 days     0 seconds
2026-01-13 10:57:09,425 - isca - DEBUG - Integration completed through  8432 days     0 seconds
2026-01-13 10:57:50,323 - isca - DEBUG - Integration completed through  8433 days     0 seconds
2026-01-13 10:58:31,151 - isca - DEBUG - Integration completed through  8434 days     0 seconds
2026-01-13 10:59:11,867 - isca - DEBUG - Integration completed through  8435 days     0 seconds
2026-01-13 10:59:52,610 - isca - DEBUG - Integration completed through  8436 days     0 seconds
2026-01-13 11:00:33,286 - isca - DEBUG - Integration completed through  8437 days     0 seconds
2026-01-13 11:01:14,002 - isca - DEBUG - Integration completed through  8438 days     0 seconds
2026-01-13 11:01:54,752 - isca - DEBUG - Integration completed through  8439 days     0 seconds
2026-01-13 11:02:35,499 - isca - DEBUG - Integration completed through  8440 days     0 seconds
2026-01-13 11:03:16,405 - isca - DEBUG - Integration completed through  8441 days     0 seconds
2026-01-13 11:03:57,291 - isca - DEBUG - Integration completed through  8442 days     0 seconds
2026-01-13 11:04:38,087 - isca - DEBUG - Integration completed through  8443 days     0 seconds
2026-01-13 11:05:18,855 - isca - DEBUG - Integration completed through  8444 days     0 seconds
2026-01-13 11:05:59,651 - isca - DEBUG - Integration completed through  8445 days     0 seconds
2026-01-13 11:06:40,500 - isca - DEBUG - Integration completed through  8446 days     0 seconds
2026-01-13 11:07:21,399 - isca - DEBUG - Integration completed through  8447 days     0 seconds
2026-01-13 11:08:02,281 - isca - DEBUG - Integration completed through  8448 days     0 seconds
2026-01-13 11:08:43,124 - isca - DEBUG - Integration completed through  8449 days     0 seconds
2026-01-13 11:09:24,027 - isca - DEBUG - Integration completed through  8450 days     0 seconds
2026-01-13 11:10:04,867 - isca - DEBUG - Integration completed through  8451 days     0 seconds
2026-01-13 11:10:45,742 - isca - DEBUG - Integration completed through  8452 days     0 seconds
2026-01-13 11:11:26,549 - isca - DEBUG - Integration completed through  8453 days     0 seconds
2026-01-13 11:12:07,352 - isca - DEBUG - Integration completed through  8454 days     0 seconds
2026-01-13 11:12:34,327 - isca - DEBUG - 
2026-01-13 11:12:34,328 - isca - DEBUG - FATAL from PE    9: compute_qs: saturation vapor pressure table overflow, nbad=      4
2026-01-13 11:12:34,328 - isca - DEBUG - 
2026-01-13 11:12:34,328 - isca - DEBUG - Abort(1) on node 9 (rank 9 in comm 0): application called MPI_Abort(MPI_COMM_WORLD, 1) - process 9
Exception in thread background thread for pid 673831:
Traceback (most recent call last):
  File "/proj/bolinc/users/x_ryabo/micromamba/envs/isca_env/lib/python3.9/threading.py", line 980, in _bootstrap_inner
    self.run()
  File "/proj/bolinc/users/x_ryabo/micromamba/envs/isca_env/lib/python3.9/threading.py", line 917, in run
    self._target(*self._args, **self._kwargs)
  File "/home/x_ryabo/.local/lib/python3.9/site-packages/sh.py", line 1639, in wrap
    fn(*rgs, **kwargs)
  File "/home/x_ryabo/.local/lib/python3.9/site-packages/sh.py", line 2641, in background_thread
    handle_exit_code(exit_code)
  File "/home/x_ryabo/.local/lib/python3.9/site-packages/sh.py", line 2332, in fn
    return self.command.handle_command_exit_code(exit_code)
  File "/home/x_ryabo/.local/lib/python3.9/site-packages/sh.py", line 826, in handle_command_exit_code
    raise exc
sh.ErrorReturnCode_1: 

  RAN: /usr/bin/bash /home/x_ryabo/Isca-Ryan_tmp/experiment/10_1480_as007/run/run.sh

  STDOUT:


  STDERR:

2026-01-13 11:12:34,610 - isca - ERROR - Run 282 failed. See log for details.
2026-01-13 11:12:34,610 - isca - ERROR - Error: ErrorReturnCode_1('\n\n  RAN: /usr/bin/bash /home/x_ryabo/Isca-Ryan_tmp/experiment/10_1480_as007/run/run.sh\n\n  STDOUT:\n\n\n  STDERR:\n')
Traceback (most recent call last):
  File "/home/x_ryabo/Isca-Ryan/src/extra/python/isca/experiment.py", line 284, in run
    proc.wait()
  File "/home/x_ryabo/.local/lib/python3.9/site-packages/sh.py", line 799, in wait
    self.handle_command_exit_code(exit_code)
  File "/home/x_ryabo/.local/lib/python3.9/site-packages/sh.py", line 826, in handle_command_exit_code
    raise exc
sh.ErrorReturnCode_1: 

  RAN: /usr/bin/bash /home/x_ryabo/Isca-Ryan_tmp/experiment/10_1480_as007/run/run.sh

  STDOUT:


  STDERR:


During handling of the above exception, another exception occurred:

Traceback (most recent call last):
  File "/home/x_ryabo/Isca-Ryan/exp/10_1480_as007/socrates_aquaplanet_cloud.py", line 448, in <module>
    exp.run(282, use_restart=restart_files, num_cores=NCORES, overwrite_data=overwrite)
  File "/home/x_ryabo/Isca-Ryan/src/extra/python/isca/helpers.py", line 22, in _destructive
    return fn(*args, **kwargs)
  File "/home/x_ryabo/Isca-Ryan/src/extra/python/isca/helpers.py", line 38, in _useworkdir
    return fn(*args, **kwargs)
  File "/home/x_ryabo/Isca-Ryan/src/extra/python/isca/experiment.py", line 298, in run
    raise FailedRunError()
isca.experiment.FailedRunError
