/home/x_ryabo/Isca-Ryan/exp/Earth_1920/socrates_aquaplanet_cloud.py:64: DeprecationWarning: Calling np.sum(generator) is deprecated, and in the future will give a different result. Use np.sum(np.fromiter(generator)) or the python sum builtin instead.
  molar_mass_air = sum((fraction * molecular_weights[gas]) for gas, fraction in atmosphere.items())
2026-03-20 11:20:48,876 - isca - INFO - RRTM compilation disabled.
2026-03-20 11:20:48,876 - isca - INFO - Socrates source code already in correct place. Continuing.
2026-03-20 11:20:48,950 - isca - INFO - Emptied run directory '/home/x_ryabo/Isca-Ryan_tmp/experiment/Earth_1920/run'
2026-03-20 11:20:48,959 - isca - INFO - Writing path_names to '/home/x_ryabo/Isca-Ryan_tmp/codebase/_home_x_ryabo_Isca-Ryan/build/soc_isca/path_names'
2026-03-20 11:20:49,010 - isca - INFO - Running compiler
2026-03-20 11:20:49,018 - isca - INFO - loadmodules for Isca on NSC cluster Tetralith
2026-03-20 11:20:49,018 - isca - INFO - mpiifort
2026-03-20 11:20:49,143 - isca - INFO - The following modules were not unloaded:
2026-03-20 11:20:49,143 - isca - INFO - (Use "module --force purge" to unload all):
2026-03-20 11:20:49,143 - isca - INFO - 1) hpc/.1.10.1
2026-03-20 11:20:49,248 - isca - INFO - ***************************************************
2026-03-20 11:20:49,248 - isca - INFO - You have loaded a buildenv module
2026-03-20 11:20:49,248 - isca - INFO - ***************************************************
2026-03-20 11:20:49,248 - isca - INFO - The buldenv-intel module makes available:
2026-03-20 11:20:49,248 - isca - INFO - - Compilers: icc, ifort, etc.
2026-03-20 11:20:49,248 - isca - INFO - - Mpi library with mpi-wrapped compilers: intel mpi with mpicc, mpifort, etc.
2026-03-20 11:20:49,248 - isca - INFO - - Numerical libraries: intel MKL
2026-03-20 11:20:49,248 - isca - INFO - It also makes a set of dependency library modules available via
2026-03-20 11:20:49,248 - isca - INFO - the regular module command. Just do:
2026-03-20 11:20:49,248 - isca - INFO - module avail
2026-03-20 11:20:49,248 - isca - INFO - to see what is available.
2026-03-20 11:20:49,248 - isca - INFO - NOTE: You shoud never load build environments inside submitted jobs.
2026-03-20 11:20:49,248 - isca - INFO - (with the single exception of when using supercomputer time to compile code.)
2026-03-20 11:20:49,472 - isca - INFO - /home/x_ryabo/Isca-Ryan_tmp/codebase/_home_x_ryabo_Isca-Ryan/build/soc_isca/path_names
2026-03-20 11:20:51,304 - isca - INFO - .................................................................................................................................................................................................................................................................................................................................................................................................................................................... Makefile is ready.
2026-03-20 11:20:51,444 - isca - INFO - make: Nothing to be done for 'all'.
2026-03-20 11:20:51,582 - isca - INFO - make: 'soc_isca.x' is up to date.
2026-03-20 11:20:51,583 - isca - INFO - Compilation complete.
2026-03-20 11:20:51,602 - isca - INFO - Emptied run directory '/home/x_ryabo/Isca-Ryan_tmp/experiment/Earth_1920/run'
2026-03-20 11:20:51,944 - isca - INFO - Writing namelist to '/home/x_ryabo/Isca-Ryan_tmp/experiment/Earth_1920/run/input.nml'
2026-03-20 11:20:51,946 - isca - INFO - Writing field_table to '/home/x_ryabo/Isca-Ryan_tmp/experiment/Earth_1920/run/field_table'
2026-03-20 11:20:51,961 - isca - INFO - Writing diag_table to '/home/x_ryabo/Isca-Ryan_tmp/experiment/Earth_1920/run/diag_table'
2026-03-20 11:20:51,973 - isca - INFO - Using restart file '/proj/bolinc/users/x_ryabo/Isca-Ryan_outputs/Earth_1920/restarts/res0034.tar.gz'
2026-03-20 11:20:52,521 - isca - INFO - Restart /proj/bolinc/users/x_ryabo/Isca-Ryan_outputs/Earth_1920/restarts/res0034.tar.gz extracted to /home/x_ryabo/Isca-Ryan_tmp/experiment/Earth_1920/run/INPUT
2026-03-20 11:20:52,526 - isca - INFO - Beginning run 35
2026-03-20 11:20:52,536 - isca - INFO - process running as 18790
2026-03-20 11:20:52,536 - isca - DEBUG - loadmodules for Isca on NSC cluster Tetralith
2026-03-20 11:20:52,537 - isca - DEBUG - mpiifort
2026-03-20 11:20:52,654 - isca - DEBUG - The following modules were not unloaded:
2026-03-20 11:20:52,654 - isca - DEBUG - (Use "module --force purge" to unload all):
2026-03-20 11:20:52,654 - isca - DEBUG - 
2026-03-20 11:20:52,654 - isca - DEBUG - 1) hpc/.1.10.1
2026-03-20 11:20:52,756 - isca - DEBUG - ***************************************************
2026-03-20 11:20:52,756 - isca - DEBUG - You have loaded a buildenv module
2026-03-20 11:20:52,756 - isca - DEBUG - ***************************************************
2026-03-20 11:20:52,756 - isca - DEBUG - The buldenv-intel module makes available:
2026-03-20 11:20:52,756 - isca - DEBUG - - Compilers: icc, ifort, etc.
2026-03-20 11:20:52,756 - isca - DEBUG - - Mpi library with mpi-wrapped compilers: intel mpi with mpicc, mpifort, etc.
2026-03-20 11:20:52,756 - isca - DEBUG - - Numerical libraries: intel MKL
2026-03-20 11:20:52,756 - isca - DEBUG - 
2026-03-20 11:20:52,756 - isca - DEBUG - It also makes a set of dependency library modules available via
2026-03-20 11:20:52,756 - isca - DEBUG - the regular module command. Just do:
2026-03-20 11:20:52,756 - isca - DEBUG - module avail
2026-03-20 11:20:52,756 - isca - DEBUG - to see what is available.
2026-03-20 11:20:52,756 - isca - DEBUG - 
2026-03-20 11:20:52,756 - isca - DEBUG - NOTE: You shoud never load build environments inside submitted jobs.
2026-03-20 11:20:52,756 - isca - DEBUG - (with the single exception of when using supercomputer time to compile code.)
2026-03-20 11:20:52,756 - isca - DEBUG - 
2026-03-20 11:20:53,972 - isca - DEBUG - NOTE from PE    0: MPP_DOMAINS_SET_STACK_SIZE: stack size set to    32768.
2026-03-20 11:20:53,972 - isca - DEBUG - &MPP_IO_NML
2026-03-20 11:20:53,972 - isca - DEBUG - HEADER_BUFFER_VAL       =       16384,
2026-03-20 11:20:53,972 - isca - DEBUG - GLOBAL_FIELD_ON_ROOT_PE = T,
2026-03-20 11:20:53,972 - isca - DEBUG - IO_CLOCKS_ON    = F,
2026-03-20 11:20:53,972 - isca - DEBUG - SHUFFLE =           0,
2026-03-20 11:20:53,972 - isca - DEBUG - DEFLATE_LEVEL   =          -1
2026-03-20 11:20:53,972 - isca - DEBUG - /
2026-03-20 11:20:53,974 - isca - DEBUG - NOTE from PE    0: MPP_IO_SET_STACK_SIZE: stack size set to     131072.
2026-03-20 11:20:53,975 - isca - DEBUG - NOTE from PE    0: MPP_DOMAINS_SET_STACK_SIZE: stack size set to   600000.
2026-03-20 11:20:53,982 - isca - DEBUG - starting            1  OpenMP threads per MPI-task
2026-03-20 11:20:53,984 - isca - DEBUG - ATMOS MODEL DOMAIN DECOMPOSITION
2026-03-20 11:20:53,984 - isca - DEBUG - X-AXIS =  128
2026-03-20 11:20:53,984 - isca - DEBUG - Y-AXIS =    4   4   4   4   4   4   4   4   4   4   4   4   4   4   4   4
2026-03-20 11:20:54,034 - isca - DEBUG - NOTE from PE    0: cloud_simple: Using SimCloud cloud scheme
2026-03-20 11:20:54,035 - isca - DEBUG - NOTE from PE    0: ls_cloud: Using Sundqvist (1989) cloud fraction diagnostic formula.
2026-03-20 11:20:54,036 - isca - DEBUG - NOTE from PE    0: cloud_cover: The cloud overlap assumption is MAXIMUM-RANDOM
2026-03-20 11:20:54,036 - isca - DEBUG - NOTE from PE    0: idealized_moist_phys: Using Frierson Quasi-Equilibrium convection scheme.
2026-03-20 11:20:54,045 - isca - DEBUG - 
2026-03-20 11:20:54,045 - isca - WARNING - WARNING from PE    0: socrates_init: lw_hires_spectral_filename is unset, making equal to lw_spectral_filename
2026-03-20 11:20:54,045 - isca - DEBUG - 
2026-03-20 11:20:54,045 - isca - DEBUG - 
2026-03-20 11:20:54,045 - isca - WARNING - WARNING from PE    0: socrates_init: lw_hires_spectral_filename is unset, making equal to lw_spectral_filename
2026-03-20 11:20:54,045 - isca - DEBUG - 
2026-03-20 11:20:54,045 - isca - DEBUG - 
2026-03-20 11:20:54,045 - isca - WARNING - WARNING from PE    0: socrates_init: sw_hires_spectral_filename is unset, making equal to sw_spectral_filename
2026-03-20 11:20:54,045 - isca - DEBUG - 
2026-03-20 11:20:54,045 - isca - DEBUG - 
2026-03-20 11:20:54,045 - isca - WARNING - WARNING from PE    0: socrates_init: sw_hires_spectral_filename is unset, making equal to sw_spectral_filename
2026-03-20 11:20:54,045 - isca - DEBUG - 
2026-03-20 11:20:55,262 - isca - DEBUG - NOTE from PE    0: Interpolator: Using input file with no time dimension - ozone_1990_notime_zero.nc
2026-03-20 11:20:55,262 - isca - DEBUG - Initializing src field : ozone_1990
2026-03-20 11:20:55,264 - isca - DEBUG - 
2026-03-20 11:20:55,264 - isca - DEBUG - -----------------------------------
2026-03-20 11:20:55,264 - isca - DEBUG - ____                       _
2026-03-20 11:20:55,264 - isca - DEBUG - / ___|  ___   ___ _ __ __ _| |_ ___  ___
2026-03-20 11:20:55,264 - isca - DEBUG - \___ \ / _ \ / __|  __/ _` | __/ _ \/ __|
2026-03-20 11:20:55,264 - isca - DEBUG - ___) | (_) | (__| | | (_| | ||  __/\__ \
2026-03-20 11:20:55,264 - isca - DEBUG - |____/ \___/ \___|_|  \__,_|\__\___||___/
2026-03-20 11:20:55,264 - isca - DEBUG - 
2026-03-20 11:20:55,264 - isca - DEBUG - Initialised Socrates v17.03
2026-03-20 11:20:55,264 - isca - DEBUG - Stellar constant =    1920.00000000000
2026-03-20 11:20:55,264 - isca - DEBUG - Longwave spectral file =
2026-03-20 11:20:55,264 - isca - DEBUG - /proj/bolinc/users/x_ryabo/socrates_edited_for_isca/spectral_files_for_GCMs/Sun
2026-03-20 11:20:55,264 - isca - DEBUG - /miniSuran_lw.sf WITH           16  bands
2026-03-20 11:20:55,264 - isca - DEBUG - Longwave hires spectral file =
2026-03-20 11:20:55,264 - isca - DEBUG - /proj/bolinc/users/x_ryabo/socrates_edited_for_isca/spectral_files_for_GCMs/Sun
2026-03-20 11:20:55,265 - isca - DEBUG - /miniSuran_lw.sf WITH           16  bands
2026-03-20 11:20:55,265 - isca - DEBUG - Shortwave spectral file =
2026-03-20 11:20:55,265 - isca - DEBUG - /proj/bolinc/users/x_ryabo/socrates_edited_for_isca/spectral_files_for_GCMs/Sun
2026-03-20 11:20:55,265 - isca - DEBUG - /miniSuran_sw.sf WITH           16  bands
2026-03-20 11:20:55,265 - isca - DEBUG - Shortwave hires spectral file =
2026-03-20 11:20:55,265 - isca - DEBUG - /proj/bolinc/users/x_ryabo/socrates_edited_for_isca/spectral_files_for_GCMs/Sun
2026-03-20 11:20:55,265 - isca - DEBUG - /miniSuran_sw.sf WITH           16  bands
2026-03-20 11:20:55,265 - isca - DEBUG - 
2026-03-20 11:20:55,265 - isca - DEBUG - -----------------------------------
2026-03-20 11:20:55,265 - isca - DEBUG - 
2026-03-20 11:21:31,513 - isca - DEBUG - Integration completed through    3 Nov  2   0: 0: 0
2026-03-20 11:21:55,543 - isca - DEBUG - 
2026-03-20 11:21:55,543 - isca - DEBUG - FATAL from PE    8: lookup_es_0d_0d: saturation vapor pressure table overflow, nbad=      1
2026-03-20 11:21:55,543 - isca - DEBUG - 
2026-03-20 11:21:55,543 - isca - DEBUG - Abort(1) on node 8 (rank 8 in comm 0): application called MPI_Abort(MPI_COMM_WORLD, 1) - process 8
Exception in thread background thread for pid 18790:
Traceback (most recent call last):
  File "/proj/bolinc/users/x_ryabo/micromamba/envs/isca_env/lib/python3.9/threading.py", line 980, in _bootstrap_inner
    self.run()
  File "/proj/bolinc/users/x_ryabo/micromamba/envs/isca_env/lib/python3.9/threading.py", line 917, in run
    self._target(*self._args, **self._kwargs)
  File "/home/x_ryabo/.local/lib/python3.9/site-packages/sh.py", line 1639, in wrap
    fn(*rgs, **kwargs)
  File "/home/x_ryabo/.local/lib/python3.9/site-packages/sh.py", line 2641, in background_thread
    handle_exit_code(exit_code)
  File "/home/x_ryabo/.local/lib/python3.9/site-packages/sh.py", line 2332, in fn
    return self.command.handle_command_exit_code(exit_code)
  File "/home/x_ryabo/.local/lib/python3.9/site-packages/sh.py", line 826, in handle_command_exit_code
    raise exc
sh.ErrorReturnCode_1: 

  RAN: /usr/bin/bash /home/x_ryabo/Isca-Ryan_tmp/experiment/Earth_1920/run/run.sh

  STDOUT:


  STDERR:

2026-03-20 11:21:55,678 - isca - ERROR - Run 35 failed. See log for details.
2026-03-20 11:21:55,678 - isca - ERROR - Error: ErrorReturnCode_1('\n\n  RAN: /usr/bin/bash /home/x_ryabo/Isca-Ryan_tmp/experiment/Earth_1920/run/run.sh\n\n  STDOUT:\n\n\n  STDERR:\n')
Traceback (most recent call last):
  File "/home/x_ryabo/Isca-Ryan/src/extra/python/isca/experiment.py", line 284, in run
    proc.wait()
  File "/home/x_ryabo/.local/lib/python3.9/site-packages/sh.py", line 799, in wait
    self.handle_command_exit_code(exit_code)
  File "/home/x_ryabo/.local/lib/python3.9/site-packages/sh.py", line 826, in handle_command_exit_code
    raise exc
sh.ErrorReturnCode_1: 

  RAN: /usr/bin/bash /home/x_ryabo/Isca-Ryan_tmp/experiment/Earth_1920/run/run.sh

  STDOUT:


  STDERR:


During handling of the above exception, another exception occurred:

Traceback (most recent call last):
  File "/home/x_ryabo/Isca-Ryan/exp/Earth_1920/socrates_aquaplanet_cloud.py", line 445, in <module>
    exp.run(35, use_restart=restart_files, num_cores=NCORES, overwrite_data=overwrite)
  File "/home/x_ryabo/Isca-Ryan/src/extra/python/isca/helpers.py", line 22, in _destructive
    return fn(*args, **kwargs)
  File "/home/x_ryabo/Isca-Ryan/src/extra/python/isca/helpers.py", line 38, in _useworkdir
    return fn(*args, **kwargs)
  File "/home/x_ryabo/Isca-Ryan/src/extra/python/isca/experiment.py", line 298, in run
    raise FailedRunError()
isca.experiment.FailedRunError
