/home/x_ryabo/Isca-Ryan/exp/presentday_1500_Sun_noO3/socrates_aquaplanet_cloud.py:65: DeprecationWarning: Calling np.sum(generator) is deprecated, and in the future will give a different result. Use np.sum(np.fromiter(generator)) or the python sum builtin instead.
  molar_mass_air = sum((fraction * molecular_weights[gas]) for gas, fraction in atmosphere.items())
2025-07-25 20:29:40,705 - isca - INFO - RRTM compilation disabled.
2025-07-25 20:29:40,710 - isca - INFO - Socrates source code already in correct place. Continuing.
2025-07-25 20:29:41,105 - isca - INFO - Emptied run directory '/home/x_ryabo/Isca-Ryan_tmp/experiment/presentday_1500_Sun_noO3/run'
2025-07-25 20:29:41,119 - isca - INFO - Writing path_names to '/home/x_ryabo/Isca-Ryan_tmp/codebase/_home_x_ryabo_Isca-Ryan/build/soc_isca/path_names'
2025-07-25 20:29:41,148 - isca - INFO - Running compiler
2025-07-25 20:29:41,156 - isca - INFO - loadmodules for Isca on NSC cluster Tetralith
2025-07-25 20:29:41,156 - isca - INFO - mpiifort
2025-07-25 20:29:42,047 - isca - INFO - The following modules were not unloaded:
2025-07-25 20:29:42,047 - isca - INFO - (Use "module --force purge" to unload all):
2025-07-25 20:29:42,047 - isca - INFO - 1) hpc/.1.10.1
2025-07-25 20:29:42,344 - isca - INFO - ***************************************************
2025-07-25 20:29:42,344 - isca - INFO - You have loaded a buildenv module
2025-07-25 20:29:42,344 - isca - INFO - ***************************************************
2025-07-25 20:29:42,344 - isca - INFO - The buldenv-intel module makes available:
2025-07-25 20:29:42,344 - isca - INFO - - Compilers: icc, ifort, etc.
2025-07-25 20:29:42,344 - isca - INFO - - Mpi library with mpi-wrapped compilers: intel mpi with mpicc, mpifort, etc.
2025-07-25 20:29:42,344 - isca - INFO - - Numerical libraries: intel MKL
2025-07-25 20:29:42,344 - isca - INFO - It also makes a set of dependency library modules available via
2025-07-25 20:29:42,344 - isca - INFO - the regular module command. Just do:
2025-07-25 20:29:42,344 - isca - INFO - module avail
2025-07-25 20:29:42,344 - isca - INFO - to see what is available.
2025-07-25 20:29:42,344 - isca - INFO - NOTE: You shoud never load build environments inside submitted jobs.
2025-07-25 20:29:42,344 - isca - INFO - (with the single exception of when using supercomputer time to compile code.)
2025-07-25 20:29:42,798 - isca - INFO - /home/x_ryabo/Isca-Ryan_tmp/codebase/_home_x_ryabo_Isca-Ryan/build/soc_isca/path_names
2025-07-25 20:29:44,545 - isca - INFO - .................................................................................................................................................................................................................................................................................................................................................................................................................................................... Makefile is ready.
2025-07-25 20:29:44,721 - isca - INFO - make: Nothing to be done for 'all'.
2025-07-25 20:29:44,862 - isca - INFO - make: 'soc_isca.x' is up to date.
2025-07-25 20:29:44,863 - isca - INFO - Compilation complete.
2025-07-25 20:29:44,885 - isca - INFO - Emptied run directory '/home/x_ryabo/Isca-Ryan_tmp/experiment/presentday_1500_Sun_noO3/run'
2025-07-25 20:29:44,900 - isca - WARNING - Data for run 63 already exists but overwrite_data is False. Stopping.
2025-07-25 20:29:44,917 - isca - INFO - Emptied run directory '/home/x_ryabo/Isca-Ryan_tmp/experiment/presentday_1500_Sun_noO3/run'
2025-07-25 20:29:45,822 - isca - INFO - Writing namelist to '/home/x_ryabo/Isca-Ryan_tmp/experiment/presentday_1500_Sun_noO3/run/input.nml'
2025-07-25 20:29:45,825 - isca - INFO - Writing field_table to '/home/x_ryabo/Isca-Ryan_tmp/experiment/presentday_1500_Sun_noO3/run/field_table'
2025-07-25 20:29:45,850 - isca - INFO - Writing diag_table to '/home/x_ryabo/Isca-Ryan_tmp/experiment/presentday_1500_Sun_noO3/run/diag_table'
2025-07-25 20:29:45,881 - isca - INFO - Using restart file '/proj/bolinc/users/x_ryabo/Isca-Ryan_outputs/presentday_1500_Sun_noO3/restarts/res0063.tar.gz'
2025-07-25 20:29:46,304 - isca - INFO - Restart /proj/bolinc/users/x_ryabo/Isca-Ryan_outputs/presentday_1500_Sun_noO3/restarts/res0063.tar.gz extracted to /home/x_ryabo/Isca-Ryan_tmp/experiment/presentday_1500_Sun_noO3/run/INPUT
2025-07-25 20:29:46,308 - isca - INFO - Beginning run 64
2025-07-25 20:29:46,319 - isca - INFO - process running as 3120337
2025-07-25 20:29:46,320 - isca - DEBUG - loadmodules for Isca on NSC cluster Tetralith
2025-07-25 20:29:46,320 - isca - DEBUG - mpiifort
2025-07-25 20:29:46,620 - isca - DEBUG - The following modules were not unloaded:
2025-07-25 20:29:46,620 - isca - DEBUG - (Use "module --force purge" to unload all):
2025-07-25 20:29:46,620 - isca - DEBUG - 
2025-07-25 20:29:46,620 - isca - DEBUG - 1) hpc/.1.10.1
2025-07-25 20:29:46,736 - isca - DEBUG - ***************************************************
2025-07-25 20:29:46,736 - isca - DEBUG - You have loaded a buildenv module
2025-07-25 20:29:46,736 - isca - DEBUG - ***************************************************
2025-07-25 20:29:46,736 - isca - DEBUG - The buldenv-intel module makes available:
2025-07-25 20:29:46,736 - isca - DEBUG - - Compilers: icc, ifort, etc.
2025-07-25 20:29:46,736 - isca - DEBUG - - Mpi library with mpi-wrapped compilers: intel mpi with mpicc, mpifort, etc.
2025-07-25 20:29:46,736 - isca - DEBUG - - Numerical libraries: intel MKL
2025-07-25 20:29:46,736 - isca - DEBUG - 
2025-07-25 20:29:46,737 - isca - DEBUG - It also makes a set of dependency library modules available via
2025-07-25 20:29:46,737 - isca - DEBUG - the regular module command. Just do:
2025-07-25 20:29:46,737 - isca - DEBUG - module avail
2025-07-25 20:29:46,737 - isca - DEBUG - to see what is available.
2025-07-25 20:29:46,737 - isca - DEBUG - 
2025-07-25 20:29:46,737 - isca - DEBUG - NOTE: You shoud never load build environments inside submitted jobs.
2025-07-25 20:29:46,737 - isca - DEBUG - (with the single exception of when using supercomputer time to compile code.)
2025-07-25 20:29:46,737 - isca - DEBUG - 
2025-07-25 20:29:48,494 - isca - DEBUG - NOTE from PE    0: MPP_DOMAINS_SET_STACK_SIZE: stack size set to    32768.
2025-07-25 20:29:48,497 - isca - DEBUG - &MPP_IO_NML
2025-07-25 20:29:48,497 - isca - DEBUG - HEADER_BUFFER_VAL       =       16384,
2025-07-25 20:29:48,497 - isca - DEBUG - GLOBAL_FIELD_ON_ROOT_PE = T,
2025-07-25 20:29:48,497 - isca - DEBUG - IO_CLOCKS_ON    = F,
2025-07-25 20:29:48,497 - isca - DEBUG - SHUFFLE =           0,
2025-07-25 20:29:48,497 - isca - DEBUG - DEFLATE_LEVEL   =          -1
2025-07-25 20:29:48,497 - isca - DEBUG - /
2025-07-25 20:29:48,497 - isca - DEBUG - NOTE from PE    0: MPP_IO_SET_STACK_SIZE: stack size set to     131072.
2025-07-25 20:29:48,498 - isca - DEBUG - NOTE from PE    0: MPP_DOMAINS_SET_STACK_SIZE: stack size set to   600000.
2025-07-25 20:29:48,505 - isca - DEBUG - starting            1  OpenMP threads per MPI-task
2025-07-25 20:29:48,507 - isca - DEBUG - ATMOS MODEL DOMAIN DECOMPOSITION
2025-07-25 20:29:48,507 - isca - DEBUG - X-AXIS =  128
2025-07-25 20:29:48,507 - isca - DEBUG - Y-AXIS =    4   4   4   4   4   4   4   4   4   4   4   4   4   4   4   4
2025-07-25 20:29:48,572 - isca - DEBUG - NOTE from PE    0: cloud_simple: Using SimCloud cloud scheme
2025-07-25 20:29:48,574 - isca - DEBUG - NOTE from PE    0: ls_cloud: Using linear cloud fraction diagnostic formula.
2025-07-25 20:29:48,574 - isca - DEBUG - NOTE from PE    0: cloud_cover: The cloud overlap assumption is MAXIMUM-RANDOM
2025-07-25 20:29:48,574 - isca - DEBUG - NOTE from PE    0: idealized_moist_phys: Using Frierson Quasi-Equilibrium convection scheme.
2025-07-25 20:29:48,575 - isca - DEBUG - 
2025-07-25 20:29:48,576 - isca - WARNING - WARNING from PE   15: socrates_init: dt_rad does not fit into one day an integer number of times
2025-07-25 20:29:48,576 - isca - DEBUG - 
2025-07-25 20:29:48,578 - isca - DEBUG - 
2025-07-25 20:29:48,578 - isca - WARNING - WARNING from PE    2: socrates_init: dt_rad does not fit into one day an integer number of times
2025-07-25 20:29:48,578 - isca - DEBUG - 
2025-07-25 20:29:48,579 - isca - DEBUG - 
2025-07-25 20:29:48,579 - isca - WARNING - WARNING from PE    4: socrates_init: dt_rad does not fit into one day an integer number of times
2025-07-25 20:29:48,579 - isca - DEBUG - 
2025-07-25 20:29:48,579 - isca - DEBUG - 
2025-07-25 20:29:48,579 - isca - WARNING - WARNING from PE    6: socrates_init: dt_rad does not fit into one day an integer number of times
2025-07-25 20:29:48,579 - isca - DEBUG - 
2025-07-25 20:29:48,579 - isca - DEBUG - 
2025-07-25 20:29:48,579 - isca - WARNING - WARNING from PE    7: socrates_init: dt_rad does not fit into one day an integer number of times
2025-07-25 20:29:48,579 - isca - DEBUG - 
2025-07-25 20:29:48,579 - isca - DEBUG - 
2025-07-25 20:29:48,579 - isca - WARNING - WARNING from PE   12: socrates_init: dt_rad does not fit into one day an integer number of times
2025-07-25 20:29:48,579 - isca - DEBUG - 
2025-07-25 20:29:48,580 - isca - DEBUG - 
2025-07-25 20:29:48,580 - isca - WARNING - WARNING from PE    9: socrates_init: dt_rad does not fit into one day an integer number of times
2025-07-25 20:29:48,580 - isca - DEBUG - 
2025-07-25 20:29:48,580 - isca - DEBUG - 
2025-07-25 20:29:48,580 - isca - WARNING - WARNING from PE   10: socrates_init: dt_rad does not fit into one day an integer number of times
2025-07-25 20:29:48,580 - isca - DEBUG - 
2025-07-25 20:29:48,580 - isca - DEBUG - 
2025-07-25 20:29:48,580 - isca - WARNING - WARNING from PE   13: socrates_init: dt_rad does not fit into one day an integer number of times
2025-07-25 20:29:48,580 - isca - DEBUG - 
2025-07-25 20:29:48,580 - isca - DEBUG - 
2025-07-25 20:29:48,580 - isca - WARNING - WARNING from PE    8: socrates_init: dt_rad does not fit into one day an integer number of times
2025-07-25 20:29:48,580 - isca - DEBUG - 
2025-07-25 20:29:48,580 - isca - DEBUG - 
2025-07-25 20:29:48,580 - isca - WARNING - WARNING from PE    5: socrates_init: dt_rad does not fit into one day an integer number of times
2025-07-25 20:29:48,580 - isca - DEBUG - 
2025-07-25 20:29:48,580 - isca - DEBUG - 
2025-07-25 20:29:48,580 - isca - WARNING - WARNING from PE   11: socrates_init: dt_rad does not fit into one day an integer number of times
2025-07-25 20:29:48,580 - isca - DEBUG - 
2025-07-25 20:29:48,581 - isca - DEBUG - 
2025-07-25 20:29:48,581 - isca - WARNING - WARNING from PE    3: socrates_init: dt_rad does not fit into one day an integer number of times
2025-07-25 20:29:48,581 - isca - DEBUG - 
2025-07-25 20:29:48,581 - isca - DEBUG - 
2025-07-25 20:29:48,581 - isca - WARNING - WARNING from PE   14: socrates_init: dt_rad does not fit into one day an integer number of times
2025-07-25 20:29:48,581 - isca - DEBUG - 
2025-07-25 20:29:48,582 - isca - DEBUG - 
2025-07-25 20:29:48,582 - isca - WARNING - WARNING from PE    1: socrates_init: dt_rad does not fit into one day an integer number of times
2025-07-25 20:29:48,582 - isca - DEBUG - 
2025-07-25 20:29:48,585 - isca - DEBUG - 
2025-07-25 20:29:48,585 - isca - WARNING - WARNING from PE    0: socrates_init: dt_rad does not fit into one day an integer number of times
2025-07-25 20:29:48,585 - isca - DEBUG - 
2025-07-25 20:29:48,585 - isca - DEBUG - 
2025-07-25 20:29:48,585 - isca - WARNING - WARNING from PE    0: socrates_init: dt_rad does not fit into one day an integer number of times
2025-07-25 20:29:48,585 - isca - DEBUG - 
2025-07-25 20:29:48,585 - isca - DEBUG - 
2025-07-25 20:29:48,585 - isca - WARNING - WARNING from PE    0: socrates_init: lw_hires_spectral_filename is unset, making equal to lw_spectral_filename
2025-07-25 20:29:48,585 - isca - DEBUG - 
2025-07-25 20:29:48,585 - isca - DEBUG - 
2025-07-25 20:29:48,585 - isca - WARNING - WARNING from PE    0: socrates_init: lw_hires_spectral_filename is unset, making equal to lw_spectral_filename
2025-07-25 20:29:48,585 - isca - DEBUG - 
2025-07-25 20:29:48,585 - isca - DEBUG - 
2025-07-25 20:29:48,585 - isca - WARNING - WARNING from PE    0: socrates_init: sw_hires_spectral_filename is unset, making equal to sw_spectral_filename
2025-07-25 20:29:48,585 - isca - DEBUG - 
2025-07-25 20:29:48,585 - isca - DEBUG - 
2025-07-25 20:29:48,585 - isca - WARNING - WARNING from PE    0: socrates_init: sw_hires_spectral_filename is unset, making equal to sw_spectral_filename
2025-07-25 20:29:48,585 - isca - DEBUG - 
2025-07-25 20:29:49,772 - isca - DEBUG - NOTE from PE    0: Interpolator: Using input file with no time dimension - ozone_1990_notime_zero.nc
2025-07-25 20:29:49,772 - isca - DEBUG - Initializing src field : ozone_1990
2025-07-25 20:29:49,774 - isca - DEBUG - 
2025-07-25 20:29:49,775 - isca - DEBUG - -----------------------------------
2025-07-25 20:29:49,775 - isca - DEBUG - ____                       _
2025-07-25 20:29:49,775 - isca - DEBUG - / ___|  ___   ___ _ __ __ _| |_ ___  ___
2025-07-25 20:29:49,775 - isca - DEBUG - \___ \ / _ \ / __|  __/ _` | __/ _ \/ __|
2025-07-25 20:29:49,775 - isca - DEBUG - ___) | (_) | (__| | | (_| | ||  __/\__ \
2025-07-25 20:29:49,775 - isca - DEBUG - |____/ \___/ \___|_|  \__,_|\__\___||___/
2025-07-25 20:29:49,775 - isca - DEBUG - 
2025-07-25 20:29:49,775 - isca - DEBUG - Initialised Socrates v17.03
2025-07-25 20:29:49,775 - isca - DEBUG - Stellar constant =    1500.00000000000
2025-07-25 20:29:49,775 - isca - DEBUG - Longwave spectral file =
2025-07-25 20:29:49,775 - isca - DEBUG - /proj/bolinc/users/x_ryabo/socrates_edited_for_isca/spectral_files_for_GCMs/Sun
2025-07-25 20:29:49,775 - isca - DEBUG - /miniSuran_lw.sf WITH           16  bands
2025-07-25 20:29:49,775 - isca - DEBUG - Longwave hires spectral file =
2025-07-25 20:29:49,775 - isca - DEBUG - /proj/bolinc/users/x_ryabo/socrates_edited_for_isca/spectral_files_for_GCMs/Sun
2025-07-25 20:29:49,775 - isca - DEBUG - /miniSuran_lw.sf WITH           16  bands
2025-07-25 20:29:49,775 - isca - DEBUG - Shortwave spectral file =
2025-07-25 20:29:49,775 - isca - DEBUG - /proj/bolinc/users/x_ryabo/socrates_edited_for_isca/spectral_files_for_GCMs/Sun
2025-07-25 20:29:49,775 - isca - DEBUG - /miniSuran_sw.sf WITH           16  bands
2025-07-25 20:29:49,775 - isca - DEBUG - Shortwave hires spectral file =
2025-07-25 20:29:49,775 - isca - DEBUG - /proj/bolinc/users/x_ryabo/socrates_edited_for_isca/spectral_files_for_GCMs/Sun
2025-07-25 20:29:49,775 - isca - DEBUG - /miniSuran_sw.sf WITH           16  bands
2025-07-25 20:29:49,775 - isca - DEBUG - 
2025-07-25 20:29:49,775 - isca - DEBUG - -----------------------------------
2025-07-25 20:29:49,775 - isca - DEBUG - 
2025-07-25 20:30:20,237 - isca - DEBUG - Integration completed through  1891 days     0 seconds
2025-07-25 20:30:50,264 - isca - DEBUG - Integration completed through  1892 days     0 seconds
2025-07-25 20:31:20,350 - isca - DEBUG - Integration completed through  1893 days     0 seconds
2025-07-25 20:31:50,437 - isca - DEBUG - Integration completed through  1894 days     0 seconds
2025-07-25 20:32:20,454 - isca - DEBUG - Integration completed through  1895 days     0 seconds
2025-07-25 20:32:50,463 - isca - DEBUG - Integration completed through  1896 days     0 seconds
2025-07-25 20:33:20,894 - isca - DEBUG - Integration completed through  1897 days     0 seconds
2025-07-25 20:33:51,171 - isca - DEBUG - Integration completed through  1898 days     0 seconds
2025-07-25 20:34:21,505 - isca - DEBUG - Integration completed through  1899 days     0 seconds
2025-07-25 20:34:51,769 - isca - DEBUG - Integration completed through  1900 days     0 seconds
2025-07-25 20:35:21,858 - isca - DEBUG - Integration completed through  1901 days     0 seconds
2025-07-25 20:35:51,493 - isca - DEBUG - Integration completed through  1902 days     0 seconds
2025-07-25 20:36:21,519 - isca - DEBUG - Integration completed through  1903 days     0 seconds
2025-07-25 20:36:50,915 - isca - DEBUG - Integration completed through  1904 days     0 seconds
2025-07-25 20:37:21,066 - isca - DEBUG - Integration completed through  1905 days     0 seconds
2025-07-25 20:37:50,689 - isca - DEBUG - Integration completed through  1906 days     0 seconds
2025-07-25 20:38:20,708 - isca - DEBUG - Integration completed through  1907 days     0 seconds
2025-07-25 20:38:50,952 - isca - DEBUG - Integration completed through  1908 days     0 seconds
2025-07-25 20:39:21,016 - isca - DEBUG - Integration completed through  1909 days     0 seconds
2025-07-25 20:39:51,164 - isca - DEBUG - Integration completed through  1910 days     0 seconds
2025-07-25 20:40:21,110 - isca - DEBUG - Integration completed through  1911 days     0 seconds
2025-07-25 20:40:37,099 - isca - DEBUG - PE, location, Textr(curr,future):   8:  15  2  9    65.317    58.248
2025-07-25 20:40:37,099 - isca - DEBUG - PE, location, Uextr(curr,future):   8:  15  2  9   -10.362   -16.988
2025-07-25 20:40:37,099 - isca - DEBUG - 
2025-07-25 20:40:37,099 - isca - DEBUG - FATAL from PE    8: spectral_dynamics: temperatures out of valid range
2025-07-25 20:40:37,099 - isca - DEBUG - 
2025-07-25 20:40:37,099 - isca - DEBUG - Abort(1) on node 8 (rank 8 in comm 0): application called MPI_Abort(MPI_COMM_WORLD, 1) - process 8
Exception in thread background thread for pid 3120337:
Traceback (most recent call last):
  File "/proj/bolinc/users/x_ryabo/micromamba/envs/isca_env/lib/python3.9/threading.py", line 980, in _bootstrap_inner
    self.run()
  File "/proj/bolinc/users/x_ryabo/micromamba/envs/isca_env/lib/python3.9/threading.py", line 917, in run
    self._target(*self._args, **self._kwargs)
  File "/home/x_ryabo/.local/lib/python3.9/site-packages/sh.py", line 1639, in wrap
    fn(*rgs, **kwargs)
  File "/home/x_ryabo/.local/lib/python3.9/site-packages/sh.py", line 2641, in background_thread
    handle_exit_code(exit_code)
  File "/home/x_ryabo/.local/lib/python3.9/site-packages/sh.py", line 2332, in fn
    return self.command.handle_command_exit_code(exit_code)
  File "/home/x_ryabo/.local/lib/python3.9/site-packages/sh.py", line 826, in handle_command_exit_code
    raise exc
sh.ErrorReturnCode_1: 

  RAN: /usr/bin/bash /home/x_ryabo/Isca-Ryan_tmp/experiment/presentday_1500_Sun_noO3/run/run.sh

  STDOUT:


  STDERR:

2025-07-25 20:40:37,313 - isca - ERROR - Run 64 failed. See log for details.
2025-07-25 20:40:37,313 - isca - ERROR - Error: ErrorReturnCode_1('\n\n  RAN: /usr/bin/bash /home/x_ryabo/Isca-Ryan_tmp/experiment/presentday_1500_Sun_noO3/run/run.sh\n\n  STDOUT:\n\n\n  STDERR:\n')
Traceback (most recent call last):
  File "/home/x_ryabo/Isca-Ryan/src/extra/python/isca/experiment.py", line 284, in run
    proc.wait()
  File "/home/x_ryabo/.local/lib/python3.9/site-packages/sh.py", line 799, in wait
    self.handle_command_exit_code(exit_code)
  File "/home/x_ryabo/.local/lib/python3.9/site-packages/sh.py", line 826, in handle_command_exit_code
    raise exc
sh.ErrorReturnCode_1: 

  RAN: /usr/bin/bash /home/x_ryabo/Isca-Ryan_tmp/experiment/presentday_1500_Sun_noO3/run/run.sh

  STDOUT:


  STDERR:


During handling of the above exception, another exception occurred:

Traceback (most recent call last):
  File "/home/x_ryabo/Isca-Ryan/exp/presentday_1500_Sun_noO3/socrates_aquaplanet_cloud.py", line 446, in <module>
    exp.run(i, num_cores=NCORES, overwrite_data=overwrite)
  File "/home/x_ryabo/Isca-Ryan/src/extra/python/isca/helpers.py", line 22, in _destructive
    return fn(*args, **kwargs)
  File "/home/x_ryabo/Isca-Ryan/src/extra/python/isca/helpers.py", line 38, in _useworkdir
    return fn(*args, **kwargs)
  File "/home/x_ryabo/Isca-Ryan/src/extra/python/isca/experiment.py", line 298, in run
    raise FailedRunError()
isca.experiment.FailedRunError
