/home/x_ryabo/Isca-Ryan/exp/presentday_1481_Sun/socrates_aquaplanet_cloud.py:65: DeprecationWarning: Calling np.sum(generator) is deprecated, and in the future will give a different result. Use np.sum(np.fromiter(generator)) or the python sum builtin instead.
  molar_mass_air = sum((fraction * molecular_weights[gas]) for gas, fraction in atmosphere.items())
2025-04-07 23:58:43,322 - isca - INFO - RRTM compilation disabled.
2025-04-07 23:58:43,322 - isca - INFO - Socrates source code already in correct place. Continuing.
2025-04-07 23:58:43,360 - isca - INFO - Emptied run directory '/home/x_ryabo/Isca-Ryan_tmp/experiment/presentday_1481_Sun/run'
2025-04-07 23:58:43,391 - isca - INFO - Writing path_names to '/home/x_ryabo/Isca-Ryan_tmp/codebase/_home_x_ryabo_Isca-Ryan/build/soc_isca/path_names'
2025-04-07 23:58:43,401 - isca - INFO - Running compiler
2025-04-07 23:58:43,413 - isca - INFO - loadmodules for Isca on NSC cluster Tetralith
2025-04-07 23:58:43,413 - isca - INFO - mpiifort
2025-04-07 23:58:43,942 - isca - INFO - The following modules were not unloaded:
2025-04-07 23:58:43,942 - isca - INFO - (Use "module --force purge" to unload all):
2025-04-07 23:58:43,942 - isca - INFO - 1) hpc/.1.10.1
2025-04-07 23:58:44,049 - isca - INFO - ***************************************************
2025-04-07 23:58:44,049 - isca - INFO - You have loaded a buildenv module
2025-04-07 23:58:44,049 - isca - INFO - ***************************************************
2025-04-07 23:58:44,049 - isca - INFO - The buldenv-intel module makes available:
2025-04-07 23:58:44,049 - isca - INFO - - Compilers: icc, ifort, etc.
2025-04-07 23:58:44,049 - isca - INFO - - Mpi library with mpi-wrapped compilers: intel mpi with mpicc, mpifort, etc.
2025-04-07 23:58:44,049 - isca - INFO - - Numerical libraries: intel MKL
2025-04-07 23:58:44,049 - isca - INFO - It also makes a set of dependency library modules available via
2025-04-07 23:58:44,049 - isca - INFO - the regular module command. Just do:
2025-04-07 23:58:44,049 - isca - INFO - module avail
2025-04-07 23:58:44,049 - isca - INFO - to see what is available.
2025-04-07 23:58:44,049 - isca - INFO - NOTE: You shoud never load build environments inside submitted jobs.
2025-04-07 23:58:44,049 - isca - INFO - (with the single exception of when using supercomputer time to compile code.)
2025-04-07 23:58:44,324 - isca - INFO - /home/x_ryabo/Isca-Ryan_tmp/codebase/_home_x_ryabo_Isca-Ryan/build/soc_isca/path_names
2025-04-07 23:58:45,714 - isca - INFO - .................................................................................................................................................................................................................................................................................................................................................................................................................................................... Makefile is ready.
2025-04-07 23:58:45,926 - isca - INFO - make: Nothing to be done for 'all'.
2025-04-07 23:58:46,078 - isca - INFO - make: 'soc_isca.x' is up to date.
2025-04-07 23:58:46,080 - isca - INFO - Compilation complete.
2025-04-07 23:58:46,103 - isca - INFO - Emptied run directory '/home/x_ryabo/Isca-Ryan_tmp/experiment/presentday_1481_Sun/run'
2025-04-07 23:58:46,152 - isca - WARNING - Data for run 498 already exists but overwrite_data is False. Stopping.
2025-04-07 23:58:46,176 - isca - INFO - Emptied run directory '/home/x_ryabo/Isca-Ryan_tmp/experiment/presentday_1481_Sun/run'
2025-04-07 23:58:49,581 - isca - INFO - Writing namelist to '/home/x_ryabo/Isca-Ryan_tmp/experiment/presentday_1481_Sun/run/input.nml'
2025-04-07 23:58:49,584 - isca - INFO - Writing field_table to '/home/x_ryabo/Isca-Ryan_tmp/experiment/presentday_1481_Sun/run/field_table'
2025-04-07 23:58:49,601 - isca - INFO - Writing diag_table to '/home/x_ryabo/Isca-Ryan_tmp/experiment/presentday_1481_Sun/run/diag_table'
2025-04-07 23:58:49,657 - isca - INFO - Using restart file '/proj/bolinc/users/x_ryabo/Isca-Ryan_outputs/presentday_1481_Sun/restarts/res0498.tar.gz'
2025-04-07 23:58:50,174 - isca - INFO - Restart /proj/bolinc/users/x_ryabo/Isca-Ryan_outputs/presentday_1481_Sun/restarts/res0498.tar.gz extracted to /home/x_ryabo/Isca-Ryan_tmp/experiment/presentday_1481_Sun/run/INPUT
2025-04-07 23:58:50,183 - isca - INFO - Beginning run 499
2025-04-07 23:58:50,195 - isca - INFO - process running as 953261
2025-04-07 23:58:50,196 - isca - DEBUG - loadmodules for Isca on NSC cluster Tetralith
2025-04-07 23:58:50,196 - isca - DEBUG - mpiifort
2025-04-07 23:58:50,499 - isca - DEBUG - The following modules were not unloaded:
2025-04-07 23:58:50,499 - isca - DEBUG - (Use "module --force purge" to unload all):
2025-04-07 23:58:50,499 - isca - DEBUG - 
2025-04-07 23:58:50,499 - isca - DEBUG - 1) hpc/.1.10.1
2025-04-07 23:58:50,605 - isca - DEBUG - ***************************************************
2025-04-07 23:58:50,605 - isca - DEBUG - You have loaded a buildenv module
2025-04-07 23:58:50,606 - isca - DEBUG - ***************************************************
2025-04-07 23:58:50,606 - isca - DEBUG - The buldenv-intel module makes available:
2025-04-07 23:58:50,606 - isca - DEBUG - - Compilers: icc, ifort, etc.
2025-04-07 23:58:50,606 - isca - DEBUG - - Mpi library with mpi-wrapped compilers: intel mpi with mpicc, mpifort, etc.
2025-04-07 23:58:50,606 - isca - DEBUG - - Numerical libraries: intel MKL
2025-04-07 23:58:50,606 - isca - DEBUG - 
2025-04-07 23:58:50,606 - isca - DEBUG - It also makes a set of dependency library modules available via
2025-04-07 23:58:50,606 - isca - DEBUG - the regular module command. Just do:
2025-04-07 23:58:50,606 - isca - DEBUG - module avail
2025-04-07 23:58:50,606 - isca - DEBUG - to see what is available.
2025-04-07 23:58:50,606 - isca - DEBUG - 
2025-04-07 23:58:50,606 - isca - DEBUG - NOTE: You shoud never load build environments inside submitted jobs.
2025-04-07 23:58:50,606 - isca - DEBUG - (with the single exception of when using supercomputer time to compile code.)
2025-04-07 23:58:50,606 - isca - DEBUG - 
2025-04-07 23:58:52,674 - isca - DEBUG - NOTE from PE    0: MPP_DOMAINS_SET_STACK_SIZE: stack size set to    32768.
2025-04-07 23:58:52,675 - isca - DEBUG - &MPP_IO_NML
2025-04-07 23:58:52,675 - isca - DEBUG - HEADER_BUFFER_VAL       =       16384,
2025-04-07 23:58:52,675 - isca - DEBUG - GLOBAL_FIELD_ON_ROOT_PE = T,
2025-04-07 23:58:52,675 - isca - DEBUG - IO_CLOCKS_ON    = F,
2025-04-07 23:58:52,676 - isca - DEBUG - SHUFFLE =           0,
2025-04-07 23:58:52,676 - isca - DEBUG - DEFLATE_LEVEL   =          -1
2025-04-07 23:58:52,676 - isca - DEBUG - /
2025-04-07 23:58:52,677 - isca - DEBUG - NOTE from PE    0: MPP_IO_SET_STACK_SIZE: stack size set to     131072.
2025-04-07 23:58:52,678 - isca - DEBUG - NOTE from PE    0: MPP_DOMAINS_SET_STACK_SIZE: stack size set to   600000.
2025-04-07 23:58:52,686 - isca - DEBUG - starting            1  OpenMP threads per MPI-task
2025-04-07 23:58:52,689 - isca - DEBUG - ATMOS MODEL DOMAIN DECOMPOSITION
2025-04-07 23:58:52,689 - isca - DEBUG - X-AXIS =  128
2025-04-07 23:58:52,689 - isca - DEBUG - Y-AXIS =    4   4   4   4   4   4   4   4   4   4   4   4   4   4   4   4
2025-04-07 23:58:52,805 - isca - DEBUG - NOTE from PE    0: cloud_simple: Using SimCloud cloud scheme
2025-04-07 23:58:52,807 - isca - DEBUG - NOTE from PE    0: ls_cloud: Using linear cloud fraction diagnostic formula.
2025-04-07 23:58:52,807 - isca - DEBUG - NOTE from PE    0: cloud_cover: The cloud overlap assumption is MAXIMUM-RANDOM
2025-04-07 23:58:52,807 - isca - DEBUG - NOTE from PE    0: idealized_moist_phys: Using Frierson Quasi-Equilibrium convection scheme.
2025-04-07 23:58:52,808 - isca - DEBUG - 
2025-04-07 23:58:52,808 - isca - DEBUG - 
2025-04-07 23:58:52,808 - isca - WARNING - WARNING from PE    8: socrates_init: dt_rad does not fit into one day an integer number of times
2025-04-07 23:58:52,808 - isca - DEBUG - 
2025-04-07 23:58:52,808 - isca - WARNING - WARNING from PE   15: socrates_init: dt_rad does not fit into one day an integer number of times
2025-04-07 23:58:52,808 - isca - DEBUG - 
2025-04-07 23:58:52,808 - isca - DEBUG - 
2025-04-07 23:58:52,808 - isca - WARNING - WARNING from PE    9: socrates_init: dt_rad does not fit into one day an integer number of times
2025-04-07 23:58:52,808 - isca - DEBUG - 
2025-04-07 23:58:52,808 - isca - DEBUG - 
2025-04-07 23:58:52,808 - isca - WARNING - WARNING from PE   13: socrates_init: dt_rad does not fit into one day an integer number of times
2025-04-07 23:58:52,808 - isca - DEBUG - 
2025-04-07 23:58:52,811 - isca - DEBUG - 
2025-04-07 23:58:52,811 - isca - WARNING - WARNING from PE    4: socrates_init: dt_rad does not fit into one day an integer number of times
2025-04-07 23:58:52,811 - isca - DEBUG - 
2025-04-07 23:58:52,811 - isca - DEBUG - 
2025-04-07 23:58:52,811 - isca - WARNING - WARNING from PE   12: socrates_init: dt_rad does not fit into one day an integer number of times
2025-04-07 23:58:52,811 - isca - DEBUG - 
2025-04-07 23:58:52,811 - isca - DEBUG - 
2025-04-07 23:58:52,811 - isca - WARNING - WARNING from PE    5: socrates_init: dt_rad does not fit into one day an integer number of times
2025-04-07 23:58:52,811 - isca - DEBUG - 
2025-04-07 23:58:52,811 - isca - DEBUG - 
2025-04-07 23:58:52,812 - isca - WARNING - WARNING from PE   14: socrates_init: dt_rad does not fit into one day an integer number of times
2025-04-07 23:58:52,812 - isca - DEBUG - 
2025-04-07 23:58:52,812 - isca - DEBUG - 
2025-04-07 23:58:52,812 - isca - WARNING - WARNING from PE    6: socrates_init: dt_rad does not fit into one day an integer number of times
2025-04-07 23:58:52,812 - isca - DEBUG - 
2025-04-07 23:58:52,812 - isca - DEBUG - 
2025-04-07 23:58:52,812 - isca - WARNING - WARNING from PE   10: socrates_init: dt_rad does not fit into one day an integer number of times
2025-04-07 23:58:52,812 - isca - DEBUG - 
2025-04-07 23:58:52,812 - isca - DEBUG - 
2025-04-07 23:58:52,812 - isca - WARNING - WARNING from PE    7: socrates_init: dt_rad does not fit into one day an integer number of times
2025-04-07 23:58:52,812 - isca - DEBUG - 
2025-04-07 23:58:52,812 - isca - DEBUG - 
2025-04-07 23:58:52,812 - isca - WARNING - WARNING from PE    3: socrates_init: dt_rad does not fit into one day an integer number of times
2025-04-07 23:58:52,812 - isca - DEBUG - 
2025-04-07 23:58:52,812 - isca - DEBUG - 
2025-04-07 23:58:52,812 - isca - WARNING - WARNING from PE    2: socrates_init: dt_rad does not fit into one day an integer number of times
2025-04-07 23:58:52,812 - isca - DEBUG - 
2025-04-07 23:58:52,812 - isca - DEBUG - 
2025-04-07 23:58:52,812 - isca - WARNING - WARNING from PE   11: socrates_init: dt_rad does not fit into one day an integer number of times
2025-04-07 23:58:52,813 - isca - DEBUG - 
2025-04-07 23:58:52,815 - isca - DEBUG - 
2025-04-07 23:58:52,815 - isca - WARNING - WARNING from PE    1: socrates_init: dt_rad does not fit into one day an integer number of times
2025-04-07 23:58:52,815 - isca - DEBUG - 
2025-04-07 23:58:52,816 - isca - DEBUG - 
2025-04-07 23:58:52,816 - isca - WARNING - WARNING from PE    0: socrates_init: dt_rad does not fit into one day an integer number of times
2025-04-07 23:58:52,816 - isca - DEBUG - 
2025-04-07 23:58:52,816 - isca - DEBUG - 
2025-04-07 23:58:52,816 - isca - WARNING - WARNING from PE    0: socrates_init: dt_rad does not fit into one day an integer number of times
2025-04-07 23:58:52,816 - isca - DEBUG - 
2025-04-07 23:58:52,816 - isca - DEBUG - 
2025-04-07 23:58:52,816 - isca - WARNING - WARNING from PE    0: socrates_init: lw_hires_spectral_filename is unset, making equal to lw_spectral_filename
2025-04-07 23:58:52,817 - isca - DEBUG - 
2025-04-07 23:58:52,817 - isca - DEBUG - 
2025-04-07 23:58:52,817 - isca - DEBUG - 
2025-04-07 23:58:52,817 - isca - WARNING - WARNING from PE    0: socrates_init: lw_hires_spectral_filename is unset, making equal to lw_spectral_filename
2025-04-07 23:58:52,817 - isca - DEBUG - 
2025-04-07 23:58:52,817 - isca - DEBUG - 
2025-04-07 23:58:52,817 - isca - WARNING - WARNING from PE    0: socrates_init: sw_hires_spectral_filename is unset, making equal to sw_spectral_filename
2025-04-07 23:58:52,817 - isca - DEBUG - 
2025-04-07 23:58:52,817 - isca - WARNING - WARNING from PE    0: socrates_init: sw_hires_spectral_filename is unset, making equal to sw_spectral_filename
2025-04-07 23:58:52,817 - isca - DEBUG - 
2025-04-07 23:59:03,656 - isca - DEBUG - NOTE from PE    0: Interpolator: Using input file with no time dimension - ozone_1990_notime.nc
2025-04-07 23:59:03,656 - isca - DEBUG - Initializing src field : ozone_1990
2025-04-07 23:59:03,658 - isca - DEBUG - 
2025-04-07 23:59:03,658 - isca - DEBUG - -----------------------------------
2025-04-07 23:59:03,658 - isca - DEBUG - ____                       _
2025-04-07 23:59:03,658 - isca - DEBUG - / ___|  ___   ___ _ __ __ _| |_ ___  ___
2025-04-07 23:59:03,658 - isca - DEBUG - \___ \ / _ \ / __|  __/ _` | __/ _ \/ __|
2025-04-07 23:59:03,658 - isca - DEBUG - ___) | (_) | (__| | | (_| | ||  __/\__ \
2025-04-07 23:59:03,658 - isca - DEBUG - |____/ \___/ \___|_|  \__,_|\__\___||___/
2025-04-07 23:59:03,658 - isca - DEBUG - 
2025-04-07 23:59:03,658 - isca - DEBUG - Initialised Socrates v17.03
2025-04-07 23:59:03,658 - isca - DEBUG - Stellar constant =    1481.00000000000
2025-04-07 23:59:03,658 - isca - DEBUG - Longwave spectral file =
2025-04-07 23:59:03,658 - isca - DEBUG - /proj/bolinc/users/x_ryabo/socrates_edited_for_isca/spectral_files_for_GCMs/Sun
2025-04-07 23:59:03,658 - isca - DEBUG - /Suran_lw.sf WITH          400  bands
2025-04-07 23:59:03,659 - isca - DEBUG - Longwave hires spectral file =
2025-04-07 23:59:03,659 - isca - DEBUG - /proj/bolinc/users/x_ryabo/socrates_edited_for_isca/spectral_files_for_GCMs/Sun
2025-04-07 23:59:03,659 - isca - DEBUG - /Suran_lw.sf WITH          400  bands
2025-04-07 23:59:03,659 - isca - DEBUG - Shortwave spectral file =
2025-04-07 23:59:03,659 - isca - DEBUG - /proj/bolinc/users/x_ryabo/socrates_edited_for_isca/spectral_files_for_GCMs/Sun
2025-04-07 23:59:03,659 - isca - DEBUG - /Suran_sw.sf WITH          400  bands
2025-04-07 23:59:03,659 - isca - DEBUG - Shortwave hires spectral file =
2025-04-07 23:59:03,659 - isca - DEBUG - /proj/bolinc/users/x_ryabo/socrates_edited_for_isca/spectral_files_for_GCMs/Sun
2025-04-07 23:59:03,659 - isca - DEBUG - /Suran_sw.sf WITH          400  bands
2025-04-07 23:59:03,659 - isca - DEBUG - 
2025-04-07 23:59:03,659 - isca - DEBUG - -----------------------------------
2025-04-07 23:59:03,659 - isca - DEBUG - 
2025-04-08 00:03:56,789 - isca - DEBUG - Integration completed through 14941 days     0 seconds
2025-04-08 00:08:50,478 - isca - DEBUG - Integration completed through 14942 days     0 seconds
2025-04-08 00:13:41,069 - isca - DEBUG - Integration completed through 14943 days     0 seconds
2025-04-08 00:18:21,816 - isca - DEBUG - Integration completed through 14944 days     0 seconds
2025-04-08 00:23:01,425 - isca - DEBUG - Integration completed through 14945 days     0 seconds
2025-04-08 00:27:41,244 - isca - DEBUG - Integration completed through 14946 days     0 seconds
2025-04-08 00:32:28,668 - isca - DEBUG - Integration completed through 14947 days     0 seconds
2025-04-08 00:37:24,173 - isca - DEBUG - Integration completed through 14948 days     0 seconds
2025-04-08 00:42:20,715 - isca - DEBUG - Integration completed through 14949 days     0 seconds
2025-04-08 00:47:15,827 - isca - DEBUG - Integration completed through 14950 days     0 seconds
2025-04-08 00:52:11,834 - isca - DEBUG - Integration completed through 14951 days     0 seconds
2025-04-08 00:57:13,830 - isca - DEBUG - Integration completed through 14952 days     0 seconds
2025-04-08 01:02:19,253 - isca - DEBUG - Integration completed through 14953 days     0 seconds
2025-04-08 01:07:28,706 - isca - DEBUG - Integration completed through 14954 days     0 seconds
2025-04-08 01:12:38,081 - isca - DEBUG - Integration completed through 14955 days     0 seconds
2025-04-08 01:17:44,438 - isca - DEBUG - Integration completed through 14956 days     0 seconds
2025-04-08 01:22:50,150 - isca - DEBUG - Integration completed through 14957 days     0 seconds
2025-04-08 01:27:57,455 - isca - DEBUG - Integration completed through 14958 days     0 seconds
2025-04-08 01:33:03,068 - isca - DEBUG - Integration completed through 14959 days     0 seconds
2025-04-08 01:38:05,671 - isca - DEBUG - Integration completed through 14960 days     0 seconds
2025-04-08 01:43:08,182 - isca - DEBUG - Integration completed through 14961 days     0 seconds
2025-04-08 01:48:11,381 - isca - DEBUG - Integration completed through 14962 days     0 seconds
2025-04-08 01:53:05,274 - isca - DEBUG - Integration completed through 14963 days     0 seconds
2025-04-08 01:57:54,650 - isca - DEBUG - Integration completed through 14964 days     0 seconds
2025-04-08 02:02:44,563 - isca - DEBUG - Integration completed through 14965 days     0 seconds
2025-04-08 02:07:37,001 - isca - DEBUG - Integration completed through 14966 days     0 seconds
2025-04-08 02:12:32,014 - isca - DEBUG - Integration completed through 14967 days     0 seconds
2025-04-08 02:17:30,584 - isca - DEBUG - Integration completed through 14968 days     0 seconds
2025-04-08 02:22:30,098 - isca - DEBUG - Integration completed through 14969 days     0 seconds
2025-04-08 02:27:30,653 - isca - DEBUG - Integration completed through 14970 days     0 seconds
2025-04-08 02:27:30,683 - isca - DEBUG - 
2025-04-08 02:27:30,683 - isca - WARNING - WARNING from PE    0: diag_util_mod::opening_file: module/field_name (socrates/soc_toa_sw_down_clr) NOT registered
2025-04-08 02:27:30,683 - isca - DEBUG - 
2025-04-08 02:27:30,683 - isca - DEBUG - 
2025-04-08 02:27:30,683 - isca - WARNING - WARNING from PE    0: diag_util_mod::opening_file: module/field_name (cloud_simple/rh_min) NOT registered
2025-04-08 02:27:30,683 - isca - DEBUG - 
2025-04-08 02:27:30,683 - isca - DEBUG - 
2025-04-08 02:27:30,683 - isca - WARNING - WARNING from PE    0: diag_util_mod::opening_file: module/field_name (socrates/soc_toa_sw_down_clr) NOT registered
2025-04-08 02:27:30,683 - isca - DEBUG - 
2025-04-08 02:27:30,683 - isca - DEBUG - 
2025-04-08 02:27:30,683 - isca - WARNING - WARNING from PE    0: diag_util_mod::opening_file: module/field_name (cloud_simple/rh_min) NOT registered
2025-04-08 02:27:30,683 - isca - DEBUG - 
2025-04-08 02:27:30,728 - isca - DEBUG - NOTE from PE    0: MPP_IO_SET_STACK_SIZE: stack size set to     204800.
2025-04-08 02:27:30,756 - isca - DEBUG - NOTE from PE    0: MPP_IO_SET_STACK_SIZE: stack size set to     393216.
2025-04-08 02:27:30,892 - isca - DEBUG - MPP_DOMAINS_STACK high water mark=       49152
2025-04-08 02:27:30,892 - isca - DEBUG - 
2025-04-08 02:27:30,892 - isca - DEBUG - Tabulating mpp_clock statistics across     16 PEs...
2025-04-08 02:27:30,892 - isca - DEBUG - 
2025-04-08 02:27:30,892 - isca - DEBUG - tmin          tmax          tavg          tstd  tfrac grain pemin pemax
2025-04-08 02:27:30,893 - isca - DEBUG - Total runtime                      8918.196391   8918.246952   8918.222499      0.014397  1.000     0     0    15
2025-04-08 02:27:30,893 - isca - DEBUG - MPP_STACK high water mark=           0
2025-04-08 02:27:31,075 - isca - INFO - Run 499 complete
2025-04-08 02:27:32,450 - isca - DEBUG - atmos_monthly.nc combined and copied to data directory
2025-04-08 02:27:36,187 - isca - INFO - Restart archive created at /proj/bolinc/users/x_ryabo/Isca-Ryan_outputs/presentday_1481_Sun/restarts/res0499.tar.gz
2025-04-08 02:27:36,201 - isca - INFO - Writing namelist to '/proj/bolinc/users/x_ryabo/Isca-Ryan_outputs/presentday_1481_Sun/run0499/input.nml'
2025-04-08 02:27:36,203 - isca - INFO - Writing field_table to '/proj/bolinc/users/x_ryabo/Isca-Ryan_outputs/presentday_1481_Sun/run0499/field_table'
2025-04-08 02:27:36,216 - isca - INFO - Writing diag_table to '/proj/bolinc/users/x_ryabo/Isca-Ryan_outputs/presentday_1481_Sun/run0499/diag_table'
2025-04-08 02:27:38,074 - isca - INFO - Emptied run directory '/home/x_ryabo/Isca-Ryan_tmp/experiment/presentday_1481_Sun/run'
