/home/x_ryabo/Isca-Ryan/exp/HD137010b_halfCO2_7/socrates_aquaplanet_cloud.py:66: DeprecationWarning: Calling np.sum(generator) is deprecated, and in the future will give a different result. Use np.sum(np.fromiter(generator)) or the python sum builtin instead.
  molar_mass_air = sum((fraction * molecular_weights[gas]) for gas, fraction in atmosphere.items())
2026-02-02 11:32:02,706 - isca - INFO - RRTM compilation disabled.
2026-02-02 11:32:02,889 - isca - INFO - Socrates source code already in correct place. Continuing.
2026-02-02 11:32:03,335 - isca - INFO - Emptied run directory '/home/x_ryabo/Isca-Ryan_tmp/experiment/HD137010b_halfCO2_7/run'
2026-02-02 11:32:03,479 - isca - INFO - Writing path_names to '/home/x_ryabo/Isca-Ryan_tmp/codebase/_home_x_ryabo_Isca-Ryan/build/soc_isca/path_names'
2026-02-02 11:32:04,137 - isca - INFO - Running compiler
2026-02-02 11:32:04,149 - isca - INFO - loadmodules for Isca on NSC cluster Tetralith
2026-02-02 11:32:04,150 - isca - INFO - mpiifort
2026-02-02 11:32:04,698 - isca - INFO - The following modules were not unloaded:
2026-02-02 11:32:04,699 - isca - INFO - (Use "module --force purge" to unload all):
2026-02-02 11:32:04,699 - isca - INFO - 1) hpc/.1.10.1
2026-02-02 11:32:04,828 - isca - INFO - ***************************************************
2026-02-02 11:32:04,828 - isca - INFO - You have loaded a buildenv module
2026-02-02 11:32:04,828 - isca - INFO - ***************************************************
2026-02-02 11:32:04,828 - isca - INFO - The buldenv-intel module makes available:
2026-02-02 11:32:04,828 - isca - INFO - - Compilers: icc, ifort, etc.
2026-02-02 11:32:04,828 - isca - INFO - - Mpi library with mpi-wrapped compilers: intel mpi with mpicc, mpifort, etc.
2026-02-02 11:32:04,828 - isca - INFO - - Numerical libraries: intel MKL
2026-02-02 11:32:04,828 - isca - INFO - It also makes a set of dependency library modules available via
2026-02-02 11:32:04,828 - isca - INFO - the regular module command. Just do:
2026-02-02 11:32:04,828 - isca - INFO - module avail
2026-02-02 11:32:04,828 - isca - INFO - to see what is available.
2026-02-02 11:32:04,828 - isca - INFO - NOTE: You shoud never load build environments inside submitted jobs.
2026-02-02 11:32:04,828 - isca - INFO - (with the single exception of when using supercomputer time to compile code.)
2026-02-02 11:32:05,269 - isca - INFO - /home/x_ryabo/Isca-Ryan_tmp/codebase/_home_x_ryabo_Isca-Ryan/build/soc_isca/path_names
2026-02-02 11:32:15,889 - isca - INFO - .................................................................................................................................................................................................................................................................................................................................................................................................................................................... Makefile is ready.
2026-02-02 11:32:16,342 - isca - INFO - make: Nothing to be done for 'all'.
2026-02-02 11:32:16,481 - isca - INFO - make: 'soc_isca.x' is up to date.
2026-02-02 11:32:16,483 - isca - INFO - Compilation complete.
2026-02-02 11:32:16,542 - isca - INFO - Emptied run directory '/home/x_ryabo/Isca-Ryan_tmp/experiment/HD137010b_halfCO2_7/run'
2026-02-02 11:32:19,444 - isca - INFO - Writing namelist to '/home/x_ryabo/Isca-Ryan_tmp/experiment/HD137010b_halfCO2_7/run/input.nml'
2026-02-02 11:32:19,447 - isca - INFO - Writing field_table to '/home/x_ryabo/Isca-Ryan_tmp/experiment/HD137010b_halfCO2_7/run/field_table'
2026-02-02 11:32:19,464 - isca - INFO - Writing diag_table to '/home/x_ryabo/Isca-Ryan_tmp/experiment/HD137010b_halfCO2_7/run/diag_table'
2026-02-02 11:32:19,476 - isca - INFO - Running without restart file
2026-02-02 11:32:19,515 - isca - INFO - Beginning run 0
2026-02-02 11:32:19,524 - isca - INFO - process running as 14875
2026-02-02 11:32:19,528 - isca - DEBUG - loadmodules for Isca on NSC cluster Tetralith
2026-02-02 11:32:19,529 - isca - DEBUG - mpiifort
2026-02-02 11:32:19,900 - isca - DEBUG - The following modules were not unloaded:
2026-02-02 11:32:19,901 - isca - DEBUG - (Use "module --force purge" to unload all):
2026-02-02 11:32:19,901 - isca - DEBUG - 
2026-02-02 11:32:19,901 - isca - DEBUG - 1) hpc/.1.10.1
2026-02-02 11:32:20,010 - isca - DEBUG - ***************************************************
2026-02-02 11:32:20,010 - isca - DEBUG - You have loaded a buildenv module
2026-02-02 11:32:20,010 - isca - DEBUG - ***************************************************
2026-02-02 11:32:20,010 - isca - DEBUG - The buldenv-intel module makes available:
2026-02-02 11:32:20,010 - isca - DEBUG - - Compilers: icc, ifort, etc.
2026-02-02 11:32:20,010 - isca - DEBUG - - Mpi library with mpi-wrapped compilers: intel mpi with mpicc, mpifort, etc.
2026-02-02 11:32:20,010 - isca - DEBUG - - Numerical libraries: intel MKL
2026-02-02 11:32:20,010 - isca - DEBUG - 
2026-02-02 11:32:20,010 - isca - DEBUG - It also makes a set of dependency library modules available via
2026-02-02 11:32:20,010 - isca - DEBUG - the regular module command. Just do:
2026-02-02 11:32:20,010 - isca - DEBUG - module avail
2026-02-02 11:32:20,010 - isca - DEBUG - to see what is available.
2026-02-02 11:32:20,010 - isca - DEBUG - 
2026-02-02 11:32:20,010 - isca - DEBUG - NOTE: You shoud never load build environments inside submitted jobs.
2026-02-02 11:32:20,010 - isca - DEBUG - (with the single exception of when using supercomputer time to compile code.)
2026-02-02 11:32:20,010 - isca - DEBUG - 
2026-02-02 11:32:21,868 - isca - DEBUG - NOTE from PE    0: MPP_DOMAINS_SET_STACK_SIZE: stack size set to    32768.
2026-02-02 11:32:21,868 - isca - DEBUG - &MPP_IO_NML
2026-02-02 11:32:21,868 - isca - DEBUG - HEADER_BUFFER_VAL       =       16384,
2026-02-02 11:32:21,868 - isca - DEBUG - GLOBAL_FIELD_ON_ROOT_PE = T,
2026-02-02 11:32:21,868 - isca - DEBUG - IO_CLOCKS_ON    = F,
2026-02-02 11:32:21,868 - isca - DEBUG - SHUFFLE =           0,
2026-02-02 11:32:21,868 - isca - DEBUG - DEFLATE_LEVEL   =          -1
2026-02-02 11:32:21,868 - isca - DEBUG - /
2026-02-02 11:32:21,870 - isca - DEBUG - NOTE from PE    0: MPP_IO_SET_STACK_SIZE: stack size set to     131072.
2026-02-02 11:32:21,870 - isca - DEBUG - NOTE from PE    0: MPP_DOMAINS_SET_STACK_SIZE: stack size set to   600000.
2026-02-02 11:32:21,878 - isca - DEBUG - starting            1  OpenMP threads per MPI-task
2026-02-02 11:32:21,879 - isca - DEBUG - ATMOS MODEL DOMAIN DECOMPOSITION
2026-02-02 11:32:21,879 - isca - DEBUG - X-AXIS =  128
2026-02-02 11:32:21,879 - isca - DEBUG - Y-AXIS =    4   4   4   4   4   4   4   4   4   4   4   4   4   4   4   4
2026-02-02 11:32:21,892 - isca - DEBUG - mean surface pressure=1000.0000 mb
2026-02-02 11:32:21,901 - isca - DEBUG - NOTE from PE    0: cloud_simple: Using SimCloud cloud scheme
2026-02-02 11:32:21,902 - isca - DEBUG - NOTE from PE    0: ls_cloud: Using Sundqvist (1989) cloud fraction diagnostic formula.
2026-02-02 11:32:21,903 - isca - DEBUG - NOTE from PE    0: cloud_cover: The cloud overlap assumption is MAXIMUM-RANDOM
2026-02-02 11:32:21,903 - isca - DEBUG - NOTE from PE    0: idealized_moist_phys: Using Frierson Quasi-Equilibrium convection scheme.
2026-02-02 11:32:21,906 - isca - DEBUG - 
2026-02-02 11:32:21,906 - isca - WARNING - WARNING from PE    7: socrates_init: dt_rad does not fit into one day an integer number of times
2026-02-02 11:32:21,906 - isca - DEBUG - 
2026-02-02 11:32:21,906 - isca - DEBUG - 
2026-02-02 11:32:21,906 - isca - WARNING - WARNING from PE    6: socrates_init: dt_rad does not fit into one day an integer number of times
2026-02-02 11:32:21,906 - isca - DEBUG - 
2026-02-02 11:32:21,906 - isca - DEBUG - 
2026-02-02 11:32:21,906 - isca - DEBUG - 
2026-02-02 11:32:21,907 - isca - WARNING - WARNING from PE    5: socrates_init: dt_rad does not fit into one day an integer number of times
2026-02-02 11:32:21,907 - isca - DEBUG - 
2026-02-02 11:32:21,907 - isca - WARNING - WARNING from PE   14: socrates_init: dt_rad does not fit into one day an integer number of times
2026-02-02 11:32:21,907 - isca - DEBUG - 
2026-02-02 11:32:21,907 - isca - DEBUG - 
2026-02-02 11:32:21,907 - isca - WARNING - WARNING from PE   11: socrates_init: dt_rad does not fit into one day an integer number of times
2026-02-02 11:32:21,907 - isca - DEBUG - 
2026-02-02 11:32:21,907 - isca - DEBUG - 
2026-02-02 11:32:21,907 - isca - DEBUG - 
2026-02-02 11:32:21,907 - isca - WARNING - WARNING from PE   10: socrates_init: dt_rad does not fit into one day an integer number of times
2026-02-02 11:32:21,907 - isca - DEBUG - 
2026-02-02 11:32:21,907 - isca - WARNING - WARNING from PE   12: socrates_init: dt_rad does not fit into one day an integer number of times
2026-02-02 11:32:21,907 - isca - DEBUG - 
2026-02-02 11:32:21,907 - isca - DEBUG - 
2026-02-02 11:32:21,907 - isca - WARNING - WARNING from PE   13: socrates_init: dt_rad does not fit into one day an integer number of times
2026-02-02 11:32:21,907 - isca - DEBUG - 
2026-02-02 11:32:21,907 - isca - DEBUG - 
2026-02-02 11:32:21,907 - isca - WARNING - WARNING from PE   15: socrates_init: dt_rad does not fit into one day an integer number of times
2026-02-02 11:32:21,907 - isca - DEBUG - 
2026-02-02 11:32:21,907 - isca - DEBUG - 
2026-02-02 11:32:21,907 - isca - WARNING - WARNING from PE    1: socrates_init: dt_rad does not fit into one day an integer number of times
2026-02-02 11:32:21,907 - isca - DEBUG - 
2026-02-02 11:32:21,907 - isca - DEBUG - 
2026-02-02 11:32:21,907 - isca - WARNING - WARNING from PE    2: socrates_init: dt_rad does not fit into one day an integer number of times
2026-02-02 11:32:21,907 - isca - DEBUG - 
2026-02-02 11:32:21,907 - isca - DEBUG - 
2026-02-02 11:32:21,907 - isca - WARNING - WARNING from PE    3: socrates_init: dt_rad does not fit into one day an integer number of times
2026-02-02 11:32:21,907 - isca - DEBUG - 
2026-02-02 11:32:21,907 - isca - DEBUG - 
2026-02-02 11:32:21,907 - isca - WARNING - WARNING from PE    9: socrates_init: dt_rad does not fit into one day an integer number of times
2026-02-02 11:32:21,907 - isca - DEBUG - 
2026-02-02 11:32:21,908 - isca - DEBUG - 
2026-02-02 11:32:21,908 - isca - WARNING - WARNING from PE    8: socrates_init: dt_rad does not fit into one day an integer number of times
2026-02-02 11:32:21,908 - isca - DEBUG - 
2026-02-02 11:32:21,908 - isca - DEBUG - 
2026-02-02 11:32:21,909 - isca - WARNING - WARNING from PE    4: socrates_init: dt_rad does not fit into one day an integer number of times
2026-02-02 11:32:21,909 - isca - DEBUG - 
2026-02-02 11:32:21,910 - isca - DEBUG - 
2026-02-02 11:32:21,910 - isca - WARNING - WARNING from PE    0: socrates_init: dt_rad does not fit into one day an integer number of times
2026-02-02 11:32:21,910 - isca - DEBUG - 
2026-02-02 11:32:21,910 - isca - DEBUG - 
2026-02-02 11:32:21,910 - isca - WARNING - WARNING from PE    0: socrates_init: lw_hires_spectral_filename is unset, making equal to lw_spectral_filename
2026-02-02 11:32:21,910 - isca - DEBUG - 
2026-02-02 11:32:21,911 - isca - WARNING - WARNING from PE    0: socrates_init: dt_rad does not fit into one day an integer number of times
2026-02-02 11:32:21,911 - isca - DEBUG - 
2026-02-02 11:32:21,911 - isca - DEBUG - 
2026-02-02 11:32:21,911 - isca - WARNING - WARNING from PE    0: socrates_init: lw_hires_spectral_filename is unset, making equal to lw_spectral_filename
2026-02-02 11:32:21,911 - isca - DEBUG - 
2026-02-02 11:32:21,911 - isca - DEBUG - 
2026-02-02 11:32:21,911 - isca - WARNING - WARNING from PE    0: socrates_init: sw_hires_spectral_filename is unset, making equal to sw_spectral_filename
2026-02-02 11:32:21,911 - isca - DEBUG - 
2026-02-02 11:32:21,911 - isca - DEBUG - 
2026-02-02 11:32:21,911 - isca - DEBUG - 
2026-02-02 11:32:21,911 - isca - WARNING - WARNING from PE    0: socrates_init: sw_hires_spectral_filename is unset, making equal to sw_spectral_filename
2026-02-02 11:32:21,911 - isca - DEBUG - 
2026-02-02 11:32:23,377 - isca - DEBUG - NOTE from PE    0: Interpolator: Using input file with no time dimension - ozone_1990_notime_zero.nc
2026-02-02 11:32:23,377 - isca - DEBUG - Initializing src field : ozone_1990
2026-02-02 11:32:23,378 - isca - DEBUG - 
2026-02-02 11:32:23,379 - isca - DEBUG - -----------------------------------
2026-02-02 11:32:23,379 - isca - DEBUG - ____                       _
2026-02-02 11:32:23,379 - isca - DEBUG - / ___|  ___   ___ _ __ __ _| |_ ___  ___
2026-02-02 11:32:23,379 - isca - DEBUG - \___ \ / _ \ / __|  __/ _` | __/ _ \/ __|
2026-02-02 11:32:23,379 - isca - DEBUG - ___) | (_) | (__| | | (_| | ||  __/\__ \
2026-02-02 11:32:23,379 - isca - DEBUG - |____/ \___/ \___|_|  \__,_|\__\___||___/
2026-02-02 11:32:23,379 - isca - DEBUG - 
2026-02-02 11:32:23,379 - isca - DEBUG - Initialised Socrates v17.03
2026-02-02 11:32:23,379 - isca - DEBUG - Stellar constant =    407.787474140999
2026-02-02 11:32:23,379 - isca - DEBUG - Longwave spectral file =
2026-02-02 11:32:23,379 - isca - DEBUG - /proj/bolinc/users/x_ryabo/socrates_edited_for_isca/spectral_files_for_GCMs/HD1
2026-02-02 11:32:23,379 - isca - DEBUG - 37010/miniSuran_lw.sf WITH           16  bands
2026-02-02 11:32:23,379 - isca - DEBUG - Longwave hires spectral file =
2026-02-02 11:32:23,379 - isca - DEBUG - /proj/bolinc/users/x_ryabo/socrates_edited_for_isca/spectral_files_for_GCMs/HD1
2026-02-02 11:32:23,379 - isca - DEBUG - 37010/miniSuran_lw.sf WITH           16  bands
2026-02-02 11:32:23,379 - isca - DEBUG - Shortwave spectral file =
2026-02-02 11:32:23,379 - isca - DEBUG - /proj/bolinc/users/x_ryabo/socrates_edited_for_isca/spectral_files_for_GCMs/HD1
2026-02-02 11:32:23,379 - isca - DEBUG - 37010/miniSuran_sw.sf WITH           16  bands
2026-02-02 11:32:23,379 - isca - DEBUG - Shortwave hires spectral file =
2026-02-02 11:32:23,379 - isca - DEBUG - /proj/bolinc/users/x_ryabo/socrates_edited_for_isca/spectral_files_for_GCMs/HD1
2026-02-02 11:32:23,379 - isca - DEBUG - 37010/miniSuran_sw.sf WITH           16  bands
2026-02-02 11:32:23,379 - isca - DEBUG - 
2026-02-02 11:32:23,379 - isca - DEBUG - -----------------------------------
2026-02-02 11:32:23,379 - isca - DEBUG - 
2026-02-02 11:32:24,155 - isca - DEBUG - PE, location, Textr(curr,future):   0:   6  4  1    29.470    -8.589
2026-02-02 11:32:24,155 - isca - DEBUG - PE, location, Uextr(curr,future):   0:   6  4  1     0.001     0.002
2026-02-02 11:32:24,155 - isca - DEBUG - 
2026-02-02 11:32:24,155 - isca - DEBUG - FATAL from PE    0: spectral_dynamics: temperatures out of valid range
2026-02-02 11:32:24,155 - isca - DEBUG - 
2026-02-02 11:32:24,155 - isca - DEBUG - 
2026-02-02 11:32:24,155 - isca - DEBUG - FATAL from PE    0: spectral_dynamics: temperatures out of valid range
2026-02-02 11:32:24,155 - isca - DEBUG - 
2026-02-02 11:32:24,155 - isca - DEBUG - Abort(1) on node 0 (rank 0 in comm 0): application called MPI_Abort(MPI_COMM_WORLD, 1) - process 0
2026-02-02 11:32:24,155 - isca - DEBUG - PE, location, Textr(curr,future):   1:  58  4  2    29.363    -8.713
2026-02-02 11:32:24,155 - isca - DEBUG - PE, location, Uextr(curr,future):   1:  58  4  2    -0.001    -0.001
2026-02-02 11:32:24,155 - isca - DEBUG - PE, location, Textr(curr,future):   2:  58  1  3    29.393    -8.679
2026-02-02 11:32:24,155 - isca - DEBUG - PE, location, Uextr(curr,future):   2:  58  1  3    -0.000    -0.000
2026-02-02 11:32:24,155 - isca - DEBUG - PE, location, Textr(curr,future):   3:  59  1  4    29.637    -8.394
2026-02-02 11:32:24,155 - isca - DEBUG - PE, location, Uextr(curr,future):   3:  59  1  4    -0.001    -0.002
2026-02-02 11:32:24,155 - isca - DEBUG - PE, location, Textr(curr,future):   5:  59  1  6    30.144    -7.805
2026-02-02 11:32:24,155 - isca - DEBUG - PE, location, Uextr(curr,future):   5:  59  1  6     0.000     0.000
2026-02-02 11:32:24,155 - isca - DEBUG - 
2026-02-02 11:32:24,155 - isca - DEBUG - FATAL from PE    1: spectral_dynamics: temperatures out of valid range
2026-02-02 11:32:24,155 - isca - DEBUG - 
2026-02-02 11:32:24,155 - isca - DEBUG - Abort(1) on node 1 (rank 1 in comm 0): application called MPI_Abort(MPI_COMM_WORLD, 1) - process 1
2026-02-02 11:32:24,155 - isca - DEBUG - 
2026-02-02 11:32:24,155 - isca - DEBUG - FATAL from PE    2: spectral_dynamics: temperatures out of valid range
2026-02-02 11:32:24,155 - isca - DEBUG - 
2026-02-02 11:32:24,156 - isca - DEBUG - Abort(1) on node 2 (rank 2 in comm 0): application called MPI_Abort(MPI_COMM_WORLD, 1) - process 2
2026-02-02 11:32:24,156 - isca - DEBUG - 
2026-02-02 11:32:24,156 - isca - DEBUG - FATAL from PE    3: spectral_dynamics: temperatures out of valid range
2026-02-02 11:32:24,156 - isca - DEBUG - 
2026-02-02 11:32:24,156 - isca - DEBUG - Abort(1) on node 3 (rank 3 in comm 0): application called MPI_Abort(MPI_COMM_WORLD, 1) - process 3
2026-02-02 11:32:24,156 - isca - DEBUG - 
2026-02-02 11:32:24,156 - isca - DEBUG - FATAL from PE    5: spectral_dynamics: temperatures out of valid range
2026-02-02 11:32:24,156 - isca - DEBUG - 
2026-02-02 11:32:24,156 - isca - DEBUG - Abort(1) on node 5 (rank 5 in comm 0): application called MPI_Abort(MPI_COMM_WORLD, 1) - process 5
2026-02-02 11:32:24,156 - isca - DEBUG - PE, location, Textr(curr,future):   7:  59  1  8    30.411    -7.495
2026-02-02 11:32:24,156 - isca - DEBUG - PE, location, Uextr(curr,future):   7:  59  1  8     0.001     0.001
2026-02-02 11:32:24,156 - isca - DEBUG - 
2026-02-02 11:32:24,156 - isca - DEBUG - FATAL from PE    7: spectral_dynamics: temperatures out of valid range
2026-02-02 11:32:24,156 - isca - DEBUG - 
2026-02-02 11:32:24,156 - isca - DEBUG - Abort(1) on node 7 (rank 7 in comm 0): application called MPI_Abort(MPI_COMM_WORLD, 1) - process 7
2026-02-02 11:32:24,156 - isca - DEBUG - PE, location, Textr(curr,future):   8:  59  4  9    30.411    -7.495
2026-02-02 11:32:24,156 - isca - DEBUG - PE, location, Uextr(curr,future):   8:  59  4  9     0.001     0.001
2026-02-02 11:32:24,156 - isca - DEBUG - 
2026-02-02 11:32:24,156 - isca - DEBUG - FATAL from PE    8: spectral_dynamics: temperatures out of valid range
2026-02-02 11:32:24,156 - isca - DEBUG - 
2026-02-02 11:32:24,156 - isca - DEBUG - Abort(1) on node 8 (rank 8 in comm 0): application called MPI_Abort(MPI_COMM_WORLD, 1) - process 8
2026-02-02 11:32:24,156 - isca - DEBUG - PE, location, Textr(curr,future):   9:  59  4 10    30.310    -7.612
2026-02-02 11:32:24,156 - isca - DEBUG - PE, location, Uextr(curr,future):   9:  59  4 10     0.000     0.001
2026-02-02 11:32:24,156 - isca - DEBUG - 
2026-02-02 11:32:24,156 - isca - DEBUG - FATAL from PE    9: spectral_dynamics: temperatures out of valid range
2026-02-02 11:32:24,156 - isca - DEBUG - 
2026-02-02 11:32:24,156 - isca - DEBUG - Abort(1) on node 9 (rank 9 in comm 0): application called MPI_Abort(MPI_COMM_WORLD, 1) - process 9
2026-02-02 11:32:24,156 - isca - DEBUG - PE, location, Textr(curr,future):  10:  59  4 11    30.144    -7.805
2026-02-02 11:32:24,156 - isca - DEBUG - PE, location, Uextr(curr,future):  10:  59  4 11     0.000     0.000
2026-02-02 11:32:24,156 - isca - DEBUG - 
2026-02-02 11:32:24,156 - isca - DEBUG - FATAL from PE   10: spectral_dynamics: temperatures out of valid range
2026-02-02 11:32:24,156 - isca - DEBUG - 
2026-02-02 11:32:24,156 - isca - DEBUG - Abort(1) on node 10 (rank 10 in comm 0): application called MPI_Abort(MPI_COMM_WORLD, 1) - process 10
2026-02-02 11:32:24,156 - isca - DEBUG - PE, location, Textr(curr,future):  11:  59  4 12    29.912    -8.075
2026-02-02 11:32:24,156 - isca - DEBUG - PE, location, Uextr(curr,future):  11:  59  4 12    -0.000    -0.000
2026-02-02 11:32:24,157 - isca - DEBUG - 
2026-02-02 11:32:24,157 - isca - DEBUG - FATAL from PE   11: spectral_dynamics: temperatures out of valid range
2026-02-02 11:32:24,157 - isca - DEBUG - 
2026-02-02 11:32:24,157 - isca - DEBUG - Abort(1) on node 11 (rank 11 in comm 0): application called MPI_Abort(MPI_COMM_WORLD, 1) - process 11
2026-02-02 11:32:24,157 - isca - DEBUG - PE, location, Textr(curr,future):  12:  59  4 13    29.637    -8.394
2026-02-02 11:32:24,157 - isca - DEBUG - PE, location, Uextr(curr,future):  12:  59  4 13    -0.001    -0.002
2026-02-02 11:32:24,157 - isca - DEBUG - 
2026-02-02 11:32:24,157 - isca - DEBUG - FATAL from PE   12: spectral_dynamics: temperatures out of valid range
2026-02-02 11:32:24,157 - isca - DEBUG - 
2026-02-02 11:32:24,157 - isca - DEBUG - Abort(1) on node 12 (rank 12 in comm 0): application called MPI_Abort(MPI_COMM_WORLD, 1) - process 12
2026-02-02 11:32:24,157 - isca - DEBUG - PE, location, Textr(curr,future):  13:  58  4 14    29.393    -8.679
2026-02-02 11:32:24,157 - isca - DEBUG - PE, location, Uextr(curr,future):  13:  58  4 14    -0.000    -0.000
2026-02-02 11:32:24,157 - isca - DEBUG - 
2026-02-02 11:32:24,157 - isca - DEBUG - FATAL from PE   13: spectral_dynamics: temperatures out of valid range
2026-02-02 11:32:24,157 - isca - DEBUG - 
2026-02-02 11:32:24,157 - isca - DEBUG - Abort(1) on node 13 (rank 13 in comm 0): application called MPI_Abort(MPI_COMM_WORLD, 1) - process 13
2026-02-02 11:32:24,157 - isca - DEBUG - PE, location, Textr(curr,future):  14:  58  1 15    29.363    -8.713
2026-02-02 11:32:24,157 - isca - DEBUG - PE, location, Uextr(curr,future):  14:  58  1 15    -0.001    -0.001
2026-02-02 11:32:24,157 - isca - DEBUG - 
2026-02-02 11:32:24,157 - isca - DEBUG - FATAL from PE   14: spectral_dynamics: temperatures out of valid range
2026-02-02 11:32:24,157 - isca - DEBUG - 
2026-02-02 11:32:24,157 - isca - DEBUG - Abort(1) on node 14 (rank 14 in comm 0): application called MPI_Abort(MPI_COMM_WORLD, 1) - process 14
2026-02-02 11:32:24,157 - isca - DEBUG - PE, location, Textr(curr,future):  15:   6  1 16    29.470    -8.589
2026-02-02 11:32:24,157 - isca - DEBUG - PE, location, Uextr(curr,future):  15:   6  1 16     0.001     0.002
2026-02-02 11:32:24,157 - isca - DEBUG - 
2026-02-02 11:32:24,157 - isca - DEBUG - FATAL from PE   15: spectral_dynamics: temperatures out of valid range
2026-02-02 11:32:24,157 - isca - DEBUG - 
2026-02-02 11:32:24,157 - isca - DEBUG - Abort(1) on node 15 (rank 15 in comm 0): application called MPI_Abort(MPI_COMM_WORLD, 1) - process 15
2026-02-02 11:32:24,157 - isca - DEBUG - PE, location, Textr(curr,future):   6:  59  1  7    30.310    -7.612
2026-02-02 11:32:24,157 - isca - DEBUG - PE, location, Uextr(curr,future):   6:  59  1  7     0.000     0.001
2026-02-02 11:32:24,157 - isca - DEBUG - 
Exception in thread background thread for pid 14875:
Traceback (most recent call last):
  File "/proj/bolinc/users/x_ryabo/micromamba/envs/isca_env/lib/python3.9/threading.py", line 980, in _bootstrap_inner
    self.run()
  File "/proj/bolinc/users/x_ryabo/micromamba/envs/isca_env/lib/python3.9/threading.py", line 917, in run
    self._target(*self._args, **self._kwargs)
  File "/home/x_ryabo/.local/lib/python3.9/site-packages/sh.py", line 1639, in wrap
    fn(*rgs, **kwargs)
  File "/home/x_ryabo/.local/lib/python3.9/site-packages/sh.py", line 2641, in background_thread
    handle_exit_code(exit_code)
  File "/home/x_ryabo/.local/lib/python3.9/site-packages/sh.py", line 2332, in fn
    return self.command.handle_command_exit_code(exit_code)
  File "/home/x_ryabo/.local/lib/python3.9/site-packages/sh.py", line 826, in handle_command_exit_code
    raise exc
sh.ErrorReturnCode_1: 

  RAN: /usr/bin/bash /home/x_ryabo/Isca-Ryan_tmp/experiment/HD137010b_halfCO2_7/run/run.sh

  STDOUT:


  STDERR:

2026-02-02 11:32:24,274 - isca - ERROR - Run 0 failed. See log for details.
2026-02-02 11:32:24,274 - isca - ERROR - Error: ErrorReturnCode_1('\n\n  RAN: /usr/bin/bash /home/x_ryabo/Isca-Ryan_tmp/experiment/HD137010b_halfCO2_7/run/run.sh\n\n  STDOUT:\n\n\n  STDERR:\n')
Traceback (most recent call last):
  File "/home/x_ryabo/Isca-Ryan/src/extra/python/isca/experiment.py", line 284, in run
    proc.wait()
  File "/home/x_ryabo/.local/lib/python3.9/site-packages/sh.py", line 799, in wait
    self.handle_command_exit_code(exit_code)
  File "/home/x_ryabo/.local/lib/python3.9/site-packages/sh.py", line 826, in handle_command_exit_code
    raise exc
sh.ErrorReturnCode_1: 

  RAN: /usr/bin/bash /home/x_ryabo/Isca-Ryan_tmp/experiment/HD137010b_halfCO2_7/run/run.sh

  STDOUT:


  STDERR:


During handling of the above exception, another exception occurred:

Traceback (most recent call last):
  File "/home/x_ryabo/Isca-Ryan/exp/HD137010b_halfCO2_7/socrates_aquaplanet_cloud.py", line 449, in <module>
    exp.run(0, use_restart='', num_cores=NCORES, overwrite_data=overwrite)
  File "/home/x_ryabo/Isca-Ryan/src/extra/python/isca/helpers.py", line 22, in _destructive
    return fn(*args, **kwargs)
  File "/home/x_ryabo/Isca-Ryan/src/extra/python/isca/helpers.py", line 38, in _useworkdir
    return fn(*args, **kwargs)
  File "/home/x_ryabo/Isca-Ryan/src/extra/python/isca/experiment.py", line 298, in run
    raise FailedRunError()
isca.experiment.FailedRunError
