/home/x_ryabo/Isca-Ryan/exp/13_1540_as007_Sun/socrates_aquaplanet_cloud.py:65: DeprecationWarning: Calling np.sum(generator) is deprecated, and in the future will give a different result. Use np.sum(np.fromiter(generator)) or the python sum builtin instead.
  molar_mass_air = sum((fraction * molecular_weights[gas]) for gas, fraction in atmosphere.items())
2025-10-30 17:33:19,440 - isca - INFO - RRTM compilation disabled.
2025-10-30 17:33:19,443 - isca - INFO - Socrates source code already in correct place. Continuing.
2025-10-30 17:33:19,721 - isca - INFO - Emptied run directory '/home/x_ryabo/Isca-Ryan_tmp/experiment/13_1540_as007_Sun/run'
2025-10-30 17:33:19,736 - isca - INFO - Writing path_names to '/home/x_ryabo/Isca-Ryan_tmp/codebase/_home_x_ryabo_Isca-Ryan/build/soc_isca/path_names'
2025-10-30 17:33:19,763 - isca - INFO - Running compiler
2025-10-30 17:33:19,773 - isca - INFO - loadmodules for Isca on NSC cluster Tetralith
2025-10-30 17:33:19,773 - isca - INFO - mpiifort
2025-10-30 17:33:20,269 - isca - INFO - The following modules were not unloaded:
2025-10-30 17:33:20,269 - isca - INFO - (Use "module --force purge" to unload all):
2025-10-30 17:33:20,269 - isca - INFO - 1) hpc/.1.10.1
2025-10-30 17:33:20,439 - isca - INFO - ***************************************************
2025-10-30 17:33:20,439 - isca - INFO - You have loaded a buildenv module
2025-10-30 17:33:20,439 - isca - INFO - ***************************************************
2025-10-30 17:33:20,439 - isca - INFO - The buldenv-intel module makes available:
2025-10-30 17:33:20,439 - isca - INFO - - Compilers: icc, ifort, etc.
2025-10-30 17:33:20,439 - isca - INFO - - Mpi library with mpi-wrapped compilers: intel mpi with mpicc, mpifort, etc.
2025-10-30 17:33:20,439 - isca - INFO - - Numerical libraries: intel MKL
2025-10-30 17:33:20,439 - isca - INFO - It also makes a set of dependency library modules available via
2025-10-30 17:33:20,439 - isca - INFO - the regular module command. Just do:
2025-10-30 17:33:20,439 - isca - INFO - module avail
2025-10-30 17:33:20,439 - isca - INFO - to see what is available.
2025-10-30 17:33:20,439 - isca - INFO - NOTE: You shoud never load build environments inside submitted jobs.
2025-10-30 17:33:20,439 - isca - INFO - (with the single exception of when using supercomputer time to compile code.)
2025-10-30 17:33:20,829 - isca - INFO - /home/x_ryabo/Isca-Ryan_tmp/codebase/_home_x_ryabo_Isca-Ryan/build/soc_isca/path_names
2025-10-30 17:33:21,936 - isca - INFO - .................................................................................................................................................................................................................................................................................................................................................................................................................................................... Makefile is ready.
2025-10-30 17:33:22,201 - isca - INFO - make: Nothing to be done for 'all'.
2025-10-30 17:33:22,371 - isca - INFO - make: 'soc_isca.x' is up to date.
2025-10-30 17:33:22,372 - isca - INFO - Compilation complete.
2025-10-30 17:33:22,399 - isca - INFO - Emptied run directory '/home/x_ryabo/Isca-Ryan_tmp/experiment/13_1540_as007_Sun/run'
2025-10-30 17:33:23,127 - isca - INFO - Writing namelist to '/home/x_ryabo/Isca-Ryan_tmp/experiment/13_1540_as007_Sun/run/input.nml'
2025-10-30 17:33:23,130 - isca - INFO - Writing field_table to '/home/x_ryabo/Isca-Ryan_tmp/experiment/13_1540_as007_Sun/run/field_table'
2025-10-30 17:33:23,150 - isca - INFO - Writing diag_table to '/home/x_ryabo/Isca-Ryan_tmp/experiment/13_1540_as007_Sun/run/diag_table'
2025-10-30 17:33:23,167 - isca - INFO - Using restart file '/proj/bolinc/users/x_ryabo/Isca-Ryan_outputs/13_1540_as007_Sun/restarts/res0095.tar.gz'
2025-10-30 17:33:23,756 - isca - INFO - Restart /proj/bolinc/users/x_ryabo/Isca-Ryan_outputs/13_1540_as007_Sun/restarts/res0095.tar.gz extracted to /home/x_ryabo/Isca-Ryan_tmp/experiment/13_1540_as007_Sun/run/INPUT
2025-10-30 17:33:23,761 - isca - INFO - Beginning run 96
2025-10-30 17:33:23,774 - isca - INFO - process running as 2610969
2025-10-30 17:33:23,774 - isca - DEBUG - loadmodules for Isca on NSC cluster Tetralith
2025-10-30 17:33:23,774 - isca - DEBUG - mpiifort
2025-10-30 17:33:24,264 - isca - DEBUG - The following modules were not unloaded:
2025-10-30 17:33:24,264 - isca - DEBUG - (Use "module --force purge" to unload all):
2025-10-30 17:33:24,264 - isca - DEBUG - 
2025-10-30 17:33:24,264 - isca - DEBUG - 1) hpc/.1.10.1
2025-10-30 17:33:24,394 - isca - DEBUG - ***************************************************
2025-10-30 17:33:24,394 - isca - DEBUG - You have loaded a buildenv module
2025-10-30 17:33:24,394 - isca - DEBUG - ***************************************************
2025-10-30 17:33:24,394 - isca - DEBUG - The buldenv-intel module makes available:
2025-10-30 17:33:24,394 - isca - DEBUG - - Compilers: icc, ifort, etc.
2025-10-30 17:33:24,394 - isca - DEBUG - - Mpi library with mpi-wrapped compilers: intel mpi with mpicc, mpifort, etc.
2025-10-30 17:33:24,394 - isca - DEBUG - - Numerical libraries: intel MKL
2025-10-30 17:33:24,394 - isca - DEBUG - 
2025-10-30 17:33:24,394 - isca - DEBUG - It also makes a set of dependency library modules available via
2025-10-30 17:33:24,394 - isca - DEBUG - the regular module command. Just do:
2025-10-30 17:33:24,394 - isca - DEBUG - module avail
2025-10-30 17:33:24,394 - isca - DEBUG - to see what is available.
2025-10-30 17:33:24,394 - isca - DEBUG - 
2025-10-30 17:33:24,394 - isca - DEBUG - NOTE: You shoud never load build environments inside submitted jobs.
2025-10-30 17:33:24,394 - isca - DEBUG - (with the single exception of when using supercomputer time to compile code.)
2025-10-30 17:33:24,394 - isca - DEBUG - 
2025-10-30 17:33:26,150 - isca - DEBUG - NOTE from PE    0: MPP_DOMAINS_SET_STACK_SIZE: stack size set to    32768.
2025-10-30 17:33:26,151 - isca - DEBUG - &MPP_IO_NML
2025-10-30 17:33:26,151 - isca - DEBUG - HEADER_BUFFER_VAL       =       16384,
2025-10-30 17:33:26,151 - isca - DEBUG - GLOBAL_FIELD_ON_ROOT_PE = T,
2025-10-30 17:33:26,151 - isca - DEBUG - IO_CLOCKS_ON    = F,
2025-10-30 17:33:26,151 - isca - DEBUG - SHUFFLE =           0,
2025-10-30 17:33:26,151 - isca - DEBUG - DEFLATE_LEVEL   =          -1
2025-10-30 17:33:26,151 - isca - DEBUG - /
2025-10-30 17:33:26,153 - isca - DEBUG - NOTE from PE    0: MPP_IO_SET_STACK_SIZE: stack size set to     131072.
2025-10-30 17:33:26,154 - isca - DEBUG - NOTE from PE    0: MPP_DOMAINS_SET_STACK_SIZE: stack size set to   600000.
2025-10-30 17:33:26,162 - isca - DEBUG - starting            1  OpenMP threads per MPI-task
2025-10-30 17:33:26,164 - isca - DEBUG - ATMOS MODEL DOMAIN DECOMPOSITION
2025-10-30 17:33:26,164 - isca - DEBUG - X-AXIS =  128
2025-10-30 17:33:26,164 - isca - DEBUG - Y-AXIS =    4   4   4   4   4   4   4   4   4   4   4   4   4   4   4   4
2025-10-30 17:33:26,225 - isca - DEBUG - 
2025-10-30 17:33:26,225 - isca - WARNING - WARNING from PE   15: socrates_init: dt_rad does not fit into one day an integer number of times
2025-10-30 17:33:26,225 - isca - DEBUG - 
2025-10-30 17:33:26,226 - isca - DEBUG - 
2025-10-30 17:33:26,226 - isca - WARNING - WARNING from PE   12: socrates_init: dt_rad does not fit into one day an integer number of times
2025-10-30 17:33:26,226 - isca - DEBUG - 
2025-10-30 17:33:26,226 - isca - DEBUG - 
2025-10-30 17:33:26,226 - isca - WARNING - WARNING from PE    8: socrates_init: dt_rad does not fit into one day an integer number of times
2025-10-30 17:33:26,226 - isca - DEBUG - 
2025-10-30 17:33:26,226 - isca - DEBUG - 
2025-10-30 17:33:26,226 - isca - WARNING - WARNING from PE   14: socrates_init: dt_rad does not fit into one day an integer number of times
2025-10-30 17:33:26,226 - isca - DEBUG - 
2025-10-30 17:33:26,226 - isca - DEBUG - 
2025-10-30 17:33:26,226 - isca - WARNING - WARNING from PE    9: socrates_init: dt_rad does not fit into one day an integer number of times
2025-10-30 17:33:26,226 - isca - DEBUG - 
2025-10-30 17:33:26,226 - isca - DEBUG - 
2025-10-30 17:33:26,226 - isca - WARNING - WARNING from PE   10: socrates_init: dt_rad does not fit into one day an integer number of times
2025-10-30 17:33:26,226 - isca - DEBUG - 
2025-10-30 17:33:26,226 - isca - DEBUG - 
2025-10-30 17:33:26,227 - isca - WARNING - WARNING from PE   11: socrates_init: dt_rad does not fit into one day an integer number of times
2025-10-30 17:33:26,227 - isca - DEBUG - 
2025-10-30 17:33:26,227 - isca - DEBUG - 
2025-10-30 17:33:26,227 - isca - WARNING - WARNING from PE   13: socrates_init: dt_rad does not fit into one day an integer number of times
2025-10-30 17:33:26,227 - isca - DEBUG - 
2025-10-30 17:33:26,228 - isca - DEBUG - NOTE from PE    0: cloud_simple: Using SimCloud cloud scheme
2025-10-30 17:33:26,229 - isca - DEBUG - NOTE from PE    0: ls_cloud: Using Sundqvist (1989) cloud fraction diagnostic formula.
2025-10-30 17:33:26,230 - isca - DEBUG - NOTE from PE    0: cloud_cover: The cloud overlap assumption is MAXIMUM-RANDOM
2025-10-30 17:33:26,230 - isca - DEBUG - NOTE from PE    0: idealized_moist_phys: Using Frierson Quasi-Equilibrium convection scheme.
2025-10-30 17:33:26,232 - isca - DEBUG - 
2025-10-30 17:33:26,232 - isca - WARNING - WARNING from PE    7: socrates_init: dt_rad does not fit into one day an integer number of times
2025-10-30 17:33:26,232 - isca - DEBUG - 
2025-10-30 17:33:26,234 - isca - DEBUG - 
2025-10-30 17:33:26,234 - isca - WARNING - WARNING from PE    5: socrates_init: dt_rad does not fit into one day an integer number of times
2025-10-30 17:33:26,234 - isca - DEBUG - 
2025-10-30 17:33:26,234 - isca - DEBUG - 
2025-10-30 17:33:26,234 - isca - WARNING - WARNING from PE    6: socrates_init: dt_rad does not fit into one day an integer number of times
2025-10-30 17:33:26,234 - isca - DEBUG - 
2025-10-30 17:33:26,234 - isca - DEBUG - 
2025-10-30 17:33:26,234 - isca - WARNING - WARNING from PE    1: socrates_init: dt_rad does not fit into one day an integer number of times
2025-10-30 17:33:26,234 - isca - DEBUG - 
2025-10-30 17:33:26,234 - isca - DEBUG - 
2025-10-30 17:33:26,234 - isca - WARNING - WARNING from PE    2: socrates_init: dt_rad does not fit into one day an integer number of times
2025-10-30 17:33:26,234 - isca - DEBUG - 
2025-10-30 17:33:26,235 - isca - DEBUG - 
2025-10-30 17:33:26,236 - isca - WARNING - WARNING from PE    4: socrates_init: dt_rad does not fit into one day an integer number of times
2025-10-30 17:33:26,236 - isca - DEBUG - 
2025-10-30 17:33:26,238 - isca - DEBUG - 
2025-10-30 17:33:26,238 - isca - WARNING - WARNING from PE    0: socrates_init: dt_rad does not fit into one day an integer number of times
2025-10-30 17:33:26,238 - isca - DEBUG - 
2025-10-30 17:33:26,238 - isca - DEBUG - 
2025-10-30 17:33:26,238 - isca - WARNING - WARNING from PE    0: socrates_init: dt_rad does not fit into one day an integer number of times
2025-10-30 17:33:26,238 - isca - DEBUG - 
2025-10-30 17:33:26,238 - isca - DEBUG - 
2025-10-30 17:33:26,238 - isca - WARNING - WARNING from PE    0: socrates_init: lw_hires_spectral_filename is unset, making equal to lw_spectral_filename
2025-10-30 17:33:26,239 - isca - DEBUG - 
2025-10-30 17:33:26,239 - isca - DEBUG - 
2025-10-30 17:33:26,239 - isca - WARNING - WARNING from PE    0: socrates_init: lw_hires_spectral_filename is unset, making equal to lw_spectral_filename
2025-10-30 17:33:26,239 - isca - DEBUG - 
2025-10-30 17:33:26,239 - isca - DEBUG - 
2025-10-30 17:33:26,239 - isca - WARNING - WARNING from PE    0: socrates_init: sw_hires_spectral_filename is unset, making equal to sw_spectral_filename
2025-10-30 17:33:26,239 - isca - DEBUG - 
2025-10-30 17:33:26,239 - isca - DEBUG - 
2025-10-30 17:33:26,239 - isca - WARNING - WARNING from PE    0: socrates_init: sw_hires_spectral_filename is unset, making equal to sw_spectral_filename
2025-10-30 17:33:26,239 - isca - DEBUG - 
2025-10-30 17:33:26,240 - isca - DEBUG - 
2025-10-30 17:33:26,240 - isca - WARNING - WARNING from PE    3: socrates_init: dt_rad does not fit into one day an integer number of times
2025-10-30 17:33:26,240 - isca - DEBUG - 
2025-10-30 17:33:27,424 - isca - DEBUG - NOTE from PE    0: Interpolator: Using input file with no time dimension - ozone_1990_notime_zero.nc
2025-10-30 17:33:27,424 - isca - DEBUG - Initializing src field : ozone_1990
2025-10-30 17:33:27,427 - isca - DEBUG - 
2025-10-30 17:33:27,427 - isca - DEBUG - -----------------------------------
2025-10-30 17:33:27,427 - isca - DEBUG - ____                       _
2025-10-30 17:33:27,427 - isca - DEBUG - / ___|  ___   ___ _ __ __ _| |_ ___  ___
2025-10-30 17:33:27,427 - isca - DEBUG - \___ \ / _ \ / __|  __/ _` | __/ _ \/ __|
2025-10-30 17:33:27,427 - isca - DEBUG - ___) | (_) | (__| | | (_| | ||  __/\__ \
2025-10-30 17:33:27,427 - isca - DEBUG - |____/ \___/ \___|_|  \__,_|\__\___||___/
2025-10-30 17:33:27,428 - isca - DEBUG - 
2025-10-30 17:33:27,428 - isca - DEBUG - Initialised Socrates v17.03
2025-10-30 17:33:27,428 - isca - DEBUG - Stellar constant =    1540.00000000000
2025-10-30 17:33:27,428 - isca - DEBUG - Longwave spectral file =
2025-10-30 17:33:27,428 - isca - DEBUG - /proj/bolinc/users/x_ryabo/socrates_edited_for_isca/spectral_files_for_GCMs/Sun
2025-10-30 17:33:27,428 - isca - DEBUG - /miniSuran_lw.sf WITH           16  bands
2025-10-30 17:33:27,428 - isca - DEBUG - Longwave hires spectral file =
2025-10-30 17:33:27,428 - isca - DEBUG - /proj/bolinc/users/x_ryabo/socrates_edited_for_isca/spectral_files_for_GCMs/Sun
2025-10-30 17:33:27,428 - isca - DEBUG - /miniSuran_lw.sf WITH           16  bands
2025-10-30 17:33:27,429 - isca - DEBUG - Shortwave spectral file =
2025-10-30 17:33:27,429 - isca - DEBUG - /proj/bolinc/users/x_ryabo/socrates_edited_for_isca/spectral_files_for_GCMs/Sun
2025-10-30 17:33:27,429 - isca - DEBUG - /miniSuran_sw.sf WITH           16  bands
2025-10-30 17:33:27,429 - isca - DEBUG - Shortwave hires spectral file =
2025-10-30 17:33:27,429 - isca - DEBUG - /proj/bolinc/users/x_ryabo/socrates_edited_for_isca/spectral_files_for_GCMs/Sun
2025-10-30 17:33:27,429 - isca - DEBUG - /miniSuran_sw.sf WITH           16  bands
2025-10-30 17:33:27,429 - isca - DEBUG - 
2025-10-30 17:33:27,429 - isca - DEBUG - -----------------------------------
2025-10-30 17:33:27,429 - isca - DEBUG - 
2025-10-30 17:34:10,266 - isca - DEBUG - Integration completed through  2851 days     0 seconds
2025-10-30 17:34:53,607 - isca - DEBUG - Integration completed through  2852 days     0 seconds
2025-10-30 17:35:21,643 - isca - DEBUG - PE, location, Textr(curr,future):   8:  21  1  9    60.162    59.235
2025-10-30 17:35:21,643 - isca - DEBUG - PE, location, Uextr(curr,future):   8:  21  1  9   -19.676   -26.282
2025-10-30 17:35:21,643 - isca - DEBUG - 
2025-10-30 17:35:21,643 - isca - DEBUG - FATAL from PE    8: spectral_dynamics: temperatures out of valid range
2025-10-30 17:35:21,644 - isca - DEBUG - 
2025-10-30 17:35:21,644 - isca - DEBUG - Abort(1) on node 8 (rank 8 in comm 0): application called MPI_Abort(MPI_COMM_WORLD, 1) - process 8
Exception in thread background thread for pid 2610969:
Traceback (most recent call last):
  File "/proj/bolinc/users/x_ryabo/micromamba/envs/isca_env/lib/python3.9/threading.py", line 980, in _bootstrap_inner
    self.run()
  File "/proj/bolinc/users/x_ryabo/micromamba/envs/isca_env/lib/python3.9/threading.py", line 917, in run
    self._target(*self._args, **self._kwargs)
  File "/home/x_ryabo/.local/lib/python3.9/site-packages/sh.py", line 1639, in wrap
    fn(*rgs, **kwargs)
  File "/home/x_ryabo/.local/lib/python3.9/site-packages/sh.py", line 2641, in background_thread
    handle_exit_code(exit_code)
  File "/home/x_ryabo/.local/lib/python3.9/site-packages/sh.py", line 2332, in fn
    return self.command.handle_command_exit_code(exit_code)
  File "/home/x_ryabo/.local/lib/python3.9/site-packages/sh.py", line 826, in handle_command_exit_code
    raise exc
sh.ErrorReturnCode_1: 

  RAN: /usr/bin/bash /home/x_ryabo/Isca-Ryan_tmp/experiment/13_1540_as007_Sun/run/run.sh

  STDOUT:


  STDERR:

2025-10-30 17:35:21,859 - isca - ERROR - Run 96 failed. See log for details.
2025-10-30 17:35:21,859 - isca - ERROR - Error: ErrorReturnCode_1('\n\n  RAN: /usr/bin/bash /home/x_ryabo/Isca-Ryan_tmp/experiment/13_1540_as007_Sun/run/run.sh\n\n  STDOUT:\n\n\n  STDERR:\n')
Traceback (most recent call last):
  File "/home/x_ryabo/Isca-Ryan/src/extra/python/isca/experiment.py", line 284, in run
    proc.wait()
  File "/home/x_ryabo/.local/lib/python3.9/site-packages/sh.py", line 799, in wait
    self.handle_command_exit_code(exit_code)
  File "/home/x_ryabo/.local/lib/python3.9/site-packages/sh.py", line 826, in handle_command_exit_code
    raise exc
sh.ErrorReturnCode_1: 

  RAN: /usr/bin/bash /home/x_ryabo/Isca-Ryan_tmp/experiment/13_1540_as007_Sun/run/run.sh

  STDOUT:


  STDERR:


During handling of the above exception, another exception occurred:

Traceback (most recent call last):
  File "/home/x_ryabo/Isca-Ryan/exp/13_1540_as007_Sun/socrates_aquaplanet_cloud.py", line 448, in <module>
    exp.run(96, use_restart=restart_files, num_cores=NCORES, overwrite_data=overwrite)
  File "/home/x_ryabo/Isca-Ryan/src/extra/python/isca/helpers.py", line 22, in _destructive
    return fn(*args, **kwargs)
  File "/home/x_ryabo/Isca-Ryan/src/extra/python/isca/helpers.py", line 38, in _useworkdir
    return fn(*args, **kwargs)
  File "/home/x_ryabo/Isca-Ryan/src/extra/python/isca/experiment.py", line 298, in run
    raise FailedRunError()
isca.experiment.FailedRunError
