/home/x_ryabo/Isca-Ryan/exp/gasgiant/socrates_aquaplanet_cloud.py:74: DeprecationWarning: Calling np.sum(generator) is deprecated, and in the future will give a different result. Use np.sum(np.fromiter(generator)) or the python sum builtin instead.
  molar_mass_air = sum((fraction * molecular_weights[gas]) for gas, fraction in atmosphere.items())
2025-09-17 16:06:55,049 - isca - INFO - RRTM compilation disabled.
2025-09-17 16:06:55,241 - isca - INFO - Socrates source code already in correct place. Continuing.
2025-09-17 16:06:55,331 - isca - WARNING - Tried to remove run directory but it doesnt exist
2025-09-17 16:06:55,401 - isca - INFO - Emptied run directory '/home/x_ryabo/Isca-Ryan_tmp/experiment/gasgiant/run'
2025-09-17 16:06:55,481 - isca - INFO - Writing path_names to '/home/x_ryabo/Isca-Ryan_tmp/codebase/_home_x_ryabo_Isca-Ryan/build/soc_isca/path_names'
2025-09-17 16:06:55,553 - isca - INFO - Running compiler
2025-09-17 16:06:55,562 - isca - INFO - loadmodules for Isca on NSC cluster Tetralith
2025-09-17 16:06:55,562 - isca - INFO - mpiifort
2025-09-17 16:06:56,586 - isca - INFO - The following modules were not unloaded:
2025-09-17 16:06:56,586 - isca - INFO - (Use "module --force purge" to unload all):
2025-09-17 16:06:56,586 - isca - INFO - 1) hpc/.1.10.1
2025-09-17 16:06:56,709 - isca - INFO - ***************************************************
2025-09-17 16:06:56,709 - isca - INFO - You have loaded a buildenv module
2025-09-17 16:06:56,709 - isca - INFO - ***************************************************
2025-09-17 16:06:56,709 - isca - INFO - The buldenv-intel module makes available:
2025-09-17 16:06:56,709 - isca - INFO - - Compilers: icc, ifort, etc.
2025-09-17 16:06:56,709 - isca - INFO - - Mpi library with mpi-wrapped compilers: intel mpi with mpicc, mpifort, etc.
2025-09-17 16:06:56,709 - isca - INFO - - Numerical libraries: intel MKL
2025-09-17 16:06:56,709 - isca - INFO - It also makes a set of dependency library modules available via
2025-09-17 16:06:56,709 - isca - INFO - the regular module command. Just do:
2025-09-17 16:06:56,709 - isca - INFO - module avail
2025-09-17 16:06:56,709 - isca - INFO - to see what is available.
2025-09-17 16:06:56,709 - isca - INFO - NOTE: You shoud never load build environments inside submitted jobs.
2025-09-17 16:06:56,709 - isca - INFO - (with the single exception of when using supercomputer time to compile code.)
2025-09-17 16:06:57,140 - isca - INFO - /home/x_ryabo/Isca-Ryan_tmp/codebase/_home_x_ryabo_Isca-Ryan/build/soc_isca/path_names
2025-09-17 16:07:07,736 - isca - INFO - .................................................................................................................................................................................................................................................................................................................................................................................................................................................... Makefile is ready.
2025-09-17 16:07:08,302 - isca - INFO - make: Nothing to be done for 'all'.
2025-09-17 16:07:08,450 - isca - INFO - make: 'soc_isca.x' is up to date.
2025-09-17 16:07:08,452 - isca - INFO - Compilation complete.
2025-09-17 16:07:08,481 - isca - INFO - Emptied run directory '/home/x_ryabo/Isca-Ryan_tmp/experiment/gasgiant/run'
2025-09-17 16:07:12,987 - isca - INFO - Writing namelist to '/home/x_ryabo/Isca-Ryan_tmp/experiment/gasgiant/run/input.nml'
2025-09-17 16:07:12,990 - isca - INFO - Writing field_table to '/home/x_ryabo/Isca-Ryan_tmp/experiment/gasgiant/run/field_table'
2025-09-17 16:07:13,009 - isca - INFO - Writing diag_table to '/home/x_ryabo/Isca-Ryan_tmp/experiment/gasgiant/run/diag_table'
2025-09-17 16:07:13,156 - isca - INFO - Using restart file '/proj/bolinc/users/x_ryabo/Isca-Ryan_outputs/gasgiant/restarts/res0022.tar.gz'
2025-09-17 16:07:29,184 - isca - INFO - Restart /proj/bolinc/users/x_ryabo/Isca-Ryan_outputs/gasgiant/restarts/res0022.tar.gz extracted to /home/x_ryabo/Isca-Ryan_tmp/experiment/gasgiant/run/INPUT
2025-09-17 16:07:29,189 - isca - INFO - Beginning run 23
2025-09-17 16:07:29,200 - isca - INFO - process running as 194189
2025-09-17 16:07:29,200 - isca - DEBUG - loadmodules for Isca on NSC cluster Tetralith
2025-09-17 16:07:29,200 - isca - DEBUG - mpiifort
2025-09-17 16:07:29,498 - isca - DEBUG - The following modules were not unloaded:
2025-09-17 16:07:29,498 - isca - DEBUG - (Use "module --force purge" to unload all):
2025-09-17 16:07:29,498 - isca - DEBUG - 
2025-09-17 16:07:29,498 - isca - DEBUG - 1) hpc/.1.10.1
2025-09-17 16:07:29,605 - isca - DEBUG - ***************************************************
2025-09-17 16:07:29,605 - isca - DEBUG - You have loaded a buildenv module
2025-09-17 16:07:29,606 - isca - DEBUG - ***************************************************
2025-09-17 16:07:29,606 - isca - DEBUG - The buldenv-intel module makes available:
2025-09-17 16:07:29,606 - isca - DEBUG - - Compilers: icc, ifort, etc.
2025-09-17 16:07:29,606 - isca - DEBUG - - Mpi library with mpi-wrapped compilers: intel mpi with mpicc, mpifort, etc.
2025-09-17 16:07:29,606 - isca - DEBUG - - Numerical libraries: intel MKL
2025-09-17 16:07:29,606 - isca - DEBUG - 
2025-09-17 16:07:29,606 - isca - DEBUG - It also makes a set of dependency library modules available via
2025-09-17 16:07:29,606 - isca - DEBUG - the regular module command. Just do:
2025-09-17 16:07:29,606 - isca - DEBUG - module avail
2025-09-17 16:07:29,606 - isca - DEBUG - to see what is available.
2025-09-17 16:07:29,606 - isca - DEBUG - 
2025-09-17 16:07:29,606 - isca - DEBUG - NOTE: You shoud never load build environments inside submitted jobs.
2025-09-17 16:07:29,606 - isca - DEBUG - (with the single exception of when using supercomputer time to compile code.)
2025-09-17 16:07:29,606 - isca - DEBUG - 
2025-09-17 16:07:32,849 - isca - DEBUG - NOTE from PE    0: MPP_DOMAINS_SET_STACK_SIZE: stack size set to    32768.
2025-09-17 16:07:32,849 - isca - DEBUG - &MPP_IO_NML
2025-09-17 16:07:32,850 - isca - DEBUG - HEADER_BUFFER_VAL       =       16384,
2025-09-17 16:07:32,850 - isca - DEBUG - GLOBAL_FIELD_ON_ROOT_PE = T,
2025-09-17 16:07:32,850 - isca - DEBUG - IO_CLOCKS_ON    = F,
2025-09-17 16:07:32,850 - isca - DEBUG - SHUFFLE =           0,
2025-09-17 16:07:32,850 - isca - DEBUG - DEFLATE_LEVEL   =          -1
2025-09-17 16:07:32,850 - isca - DEBUG - /
2025-09-17 16:07:32,851 - isca - DEBUG - NOTE from PE    0: MPP_IO_SET_STACK_SIZE: stack size set to     131072.
2025-09-17 16:07:32,851 - isca - DEBUG - NOTE from PE    0: MPP_DOMAINS_SET_STACK_SIZE: stack size set to  6200000.
2025-09-17 16:07:32,859 - isca - DEBUG - starting            1  OpenMP threads per MPI-task
2025-09-17 16:07:32,861 - isca - DEBUG - ATMOS MODEL DOMAIN DECOMPOSITION
2025-09-17 16:07:32,861 - isca - DEBUG - X-AXIS = 1024
2025-09-17 16:07:32,861 - isca - DEBUG - Y-AXIS =   20  20  20  20  20  20  20  20  20  20  20  20  20  20  20  20
2025-09-17 16:07:32,936 - isca - DEBUG - NOTE from PE    0: MPP_IO_SET_STACK_SIZE: stack size set to     144480.
2025-09-17 16:07:33,115 - isca - DEBUG - NOTE from PE    0: MPP_IO_SET_STACK_SIZE: stack size set to     983040.
2025-09-17 16:07:35,623 - isca - DEBUG - NOTE from PE    0: idealized_moist_phys: Using dry convection scheme.
2025-09-17 16:07:35,643 - isca - DEBUG - 
2025-09-17 16:07:35,644 - isca - WARNING - WARNING from PE   13: socrates_init: dt_rad does not fit into one day an integer number of times
2025-09-17 16:07:35,644 - isca - DEBUG - 
2025-09-17 16:07:35,644 - isca - DEBUG - 
2025-09-17 16:07:35,644 - isca - WARNING - WARNING from PE    8: socrates_init: dt_rad does not fit into one day an integer number of times
2025-09-17 16:07:35,644 - isca - DEBUG - 
2025-09-17 16:07:35,644 - isca - DEBUG - 
2025-09-17 16:07:35,644 - isca - WARNING - WARNING from PE   15: socrates_init: dt_rad does not fit into one day an integer number of times
2025-09-17 16:07:35,644 - isca - DEBUG - 
2025-09-17 16:07:35,644 - isca - DEBUG - 
2025-09-17 16:07:35,644 - isca - WARNING - WARNING from PE   12: socrates_init: dt_rad does not fit into one day an integer number of times
2025-09-17 16:07:35,644 - isca - DEBUG - 
2025-09-17 16:07:35,644 - isca - DEBUG - 
2025-09-17 16:07:35,644 - isca - WARNING - WARNING from PE   10: socrates_init: dt_rad does not fit into one day an integer number of times
2025-09-17 16:07:35,644 - isca - DEBUG - 
2025-09-17 16:07:35,645 - isca - DEBUG - 
2025-09-17 16:07:35,645 - isca - WARNING - WARNING from PE    3: socrates_init: dt_rad does not fit into one day an integer number of times
2025-09-17 16:07:35,645 - isca - DEBUG - 
2025-09-17 16:07:35,645 - isca - DEBUG - 
2025-09-17 16:07:35,645 - isca - WARNING - WARNING from PE    6: socrates_init: dt_rad does not fit into one day an integer number of times
2025-09-17 16:07:35,645 - isca - DEBUG - 
2025-09-17 16:07:35,645 - isca - DEBUG - 
2025-09-17 16:07:35,645 - isca - WARNING - WARNING from PE    4: socrates_init: dt_rad does not fit into one day an integer number of times
2025-09-17 16:07:35,645 - isca - DEBUG - 
2025-09-17 16:07:35,645 - isca - DEBUG - 
2025-09-17 16:07:35,645 - isca - WARNING - WARNING from PE    9: socrates_init: dt_rad does not fit into one day an integer number of times
2025-09-17 16:07:35,645 - isca - DEBUG - 
2025-09-17 16:07:35,645 - isca - DEBUG - 
2025-09-17 16:07:35,645 - isca - WARNING - WARNING from PE    2: socrates_init: dt_rad does not fit into one day an integer number of times
2025-09-17 16:07:35,645 - isca - DEBUG - 
2025-09-17 16:07:35,645 - isca - DEBUG - 
2025-09-17 16:07:35,645 - isca - WARNING - WARNING from PE   11: socrates_init: dt_rad does not fit into one day an integer number of times
2025-09-17 16:07:35,645 - isca - DEBUG - 
2025-09-17 16:07:35,645 - isca - DEBUG - 
2025-09-17 16:07:35,645 - isca - WARNING - WARNING from PE    5: socrates_init: dt_rad does not fit into one day an integer number of times
2025-09-17 16:07:35,645 - isca - DEBUG - 
2025-09-17 16:07:35,645 - isca - DEBUG - 
2025-09-17 16:07:35,645 - isca - WARNING - WARNING from PE   14: socrates_init: dt_rad does not fit into one day an integer number of times
2025-09-17 16:07:35,645 - isca - DEBUG - 
2025-09-17 16:07:35,645 - isca - DEBUG - 
2025-09-17 16:07:35,645 - isca - WARNING - WARNING from PE    1: socrates_init: dt_rad does not fit into one day an integer number of times
2025-09-17 16:07:35,645 - isca - DEBUG - 
2025-09-17 16:07:35,645 - isca - DEBUG - 
2025-09-17 16:07:35,645 - isca - WARNING - WARNING from PE    7: socrates_init: dt_rad does not fit into one day an integer number of times
2025-09-17 16:07:35,645 - isca - DEBUG - 
2025-09-17 16:07:35,657 - isca - DEBUG - 
2025-09-17 16:07:35,657 - isca - WARNING - WARNING from PE    0: socrates_init: dt_rad does not fit into one day an integer number of times
2025-09-17 16:07:35,657 - isca - DEBUG - 
2025-09-17 16:07:35,657 - isca - DEBUG - 
2025-09-17 16:07:35,657 - isca - WARNING - WARNING from PE    0: socrates_init: lw_hires_spectral_filename is unset, making equal to lw_spectral_filename
2025-09-17 16:07:35,658 - isca - DEBUG - 
2025-09-17 16:07:35,658 - isca - DEBUG - 
2025-09-17 16:07:35,658 - isca - WARNING - WARNING from PE    0: socrates_init: sw_hires_spectral_filename is unset, making equal to sw_spectral_filename
2025-09-17 16:07:35,658 - isca - DEBUG - 
2025-09-17 16:07:35,658 - isca - DEBUG - 
2025-09-17 16:07:35,658 - isca - WARNING - WARNING from PE    0: socrates_init: dt_rad does not fit into one day an integer number of times
2025-09-17 16:07:35,658 - isca - DEBUG - 
2025-09-17 16:07:35,658 - isca - DEBUG - 
2025-09-17 16:07:35,658 - isca - WARNING - WARNING from PE    0: socrates_init: lw_hires_spectral_filename is unset, making equal to lw_spectral_filename
2025-09-17 16:07:35,658 - isca - DEBUG - 
2025-09-17 16:07:35,658 - isca - DEBUG - 
2025-09-17 16:07:35,658 - isca - WARNING - WARNING from PE    0: socrates_init: sw_hires_spectral_filename is unset, making equal to sw_spectral_filename
2025-09-17 16:07:35,658 - isca - DEBUG - 
2025-09-17 16:07:45,381 - isca - DEBUG - NOTE from PE    0: Interpolator: Using input file with no time dimension - ozone_1990_notime_zero.nc
2025-09-17 16:07:45,381 - isca - DEBUG - Initializing src field : ozone_1990
2025-09-17 16:07:45,427 - isca - DEBUG - 
2025-09-17 16:07:45,427 - isca - DEBUG - -----------------------------------
2025-09-17 16:07:45,427 - isca - DEBUG - ____                       _
2025-09-17 16:07:45,427 - isca - DEBUG - / ___|  ___   ___ _ __ __ _| |_ ___  ___
2025-09-17 16:07:45,427 - isca - DEBUG - \___ \ / _ \ / __|  __/ _` | __/ _ \/ __|
2025-09-17 16:07:45,427 - isca - DEBUG - ___) | (_) | (__| | | (_| | ||  __/\__ \
2025-09-17 16:07:45,427 - isca - DEBUG - |____/ \___/ \___|_|  \__,_|\__\___||___/
2025-09-17 16:07:45,427 - isca - DEBUG - 
2025-09-17 16:07:45,427 - isca - DEBUG - Initialised Socrates v17.03
2025-09-17 16:07:45,427 - isca - DEBUG - Stellar constant =    1361.00000000000
2025-09-17 16:07:45,427 - isca - DEBUG - Longwave spectral file =
2025-09-17 16:07:45,427 - isca - DEBUG - /proj/bolinc/users/x_ryabo/socrates_edited_for_isca/spectral_files_for_GCMs/Sur
2025-09-17 16:07:45,427 - isca - DEBUG - an_lw.sf WITH          400  bands
2025-09-17 16:07:45,427 - isca - DEBUG - Longwave hires spectral file =
2025-09-17 16:07:45,427 - isca - DEBUG - /proj/bolinc/users/x_ryabo/socrates_edited_for_isca/spectral_files_for_GCMs/Sur
2025-09-17 16:07:45,427 - isca - DEBUG - an_lw.sf WITH          400  bands
2025-09-17 16:07:45,427 - isca - DEBUG - Shortwave spectral file =
2025-09-17 16:07:45,427 - isca - DEBUG - /proj/bolinc/users/x_ryabo/socrates_edited_for_isca/spectral_files_for_GCMs/Sur
2025-09-17 16:07:45,428 - isca - DEBUG - an_sw.sf WITH          400  bands
2025-09-17 16:07:45,428 - isca - DEBUG - Shortwave hires spectral file =
2025-09-17 16:07:45,428 - isca - DEBUG - /proj/bolinc/users/x_ryabo/socrates_edited_for_isca/spectral_files_for_GCMs/Sur
2025-09-17 16:07:45,428 - isca - DEBUG - an_sw.sf WITH          400  bands
2025-09-17 16:07:45,428 - isca - DEBUG - 
2025-09-17 16:07:45,428 - isca - DEBUG - -----------------------------------
2025-09-17 16:07:45,428 - isca - DEBUG - 
2025-09-17 16:12:20,865 - isca - DEBUG - 
2025-09-17 16:12:20,865 - isca - WARNING - WARNING from PE    0: diag_util_mod::opening_file: module/field_name (socrates/soc_toa_sw_down_clr) NOT registered
2025-09-17 16:12:20,865 - isca - DEBUG - 
2025-09-17 16:12:20,865 - isca - DEBUG - 
2025-09-17 16:12:20,865 - isca - WARNING - WARNING from PE    0: diag_util_mod::opening_file: module/field_name (cloud_simple/cf) NOT registered
2025-09-17 16:12:20,865 - isca - DEBUG - 
2025-09-17 16:12:20,865 - isca - DEBUG - 
2025-09-17 16:12:20,865 - isca - WARNING - WARNING from PE    0: diag_util_mod::opening_file: module/field_name (cloud_simple/reff_rad) NOT registered
2025-09-17 16:12:20,865 - isca - DEBUG - 
2025-09-17 16:12:20,865 - isca - DEBUG - 
2025-09-17 16:12:20,865 - isca - WARNING - WARNING from PE    0: diag_util_mod::opening_file: module/field_name (socrates/soc_toa_sw_down_clr) NOT registered
2025-09-17 16:12:20,865 - isca - DEBUG - 
2025-09-17 16:12:20,865 - isca - DEBUG - 
2025-09-17 16:12:20,865 - isca - WARNING - WARNING from PE    0: diag_util_mod::opening_file: module/field_name (cloud_simple/cf) NOT registered
2025-09-17 16:12:20,865 - isca - DEBUG - 
2025-09-17 16:12:20,865 - isca - DEBUG - 
2025-09-17 16:12:20,865 - isca - WARNING - WARNING from PE    0: diag_util_mod::opening_file: module/field_name (cloud_simple/reff_rad) NOT registered
2025-09-17 16:12:20,865 - isca - DEBUG - 
2025-09-17 16:12:20,865 - isca - DEBUG - 
2025-09-17 16:12:20,865 - isca - WARNING - WARNING from PE    0: diag_util_mod::opening_file: module/field_name (cloud_simple/frac_liq) NOT registered
2025-09-17 16:12:20,865 - isca - DEBUG - 
2025-09-17 16:12:20,865 - isca - DEBUG - 
2025-09-17 16:12:20,865 - isca - WARNING - WARNING from PE    0: diag_util_mod::opening_file: module/field_name (cloud_simple/qcl_rad) NOT registered
2025-09-17 16:12:20,865 - isca - DEBUG - 
2025-09-17 16:12:20,865 - isca - DEBUG - 
2025-09-17 16:12:20,865 - isca - WARNING - WARNING from PE    0: diag_util_mod::opening_file: module/field_name (cloud_simple/rh_min) NOT registered
2025-09-17 16:12:20,865 - isca - DEBUG - 
2025-09-17 16:12:20,865 - isca - DEBUG - 
2025-09-17 16:12:20,881 - isca - WARNING - WARNING from PE    0: diag_util_mod::opening_file: module/field_name (cloud_simple/frac_liq) NOT registered
2025-09-17 16:12:20,881 - isca - DEBUG - 
2025-09-17 16:12:20,881 - isca - DEBUG - 
2025-09-17 16:12:20,881 - isca - WARNING - WARNING from PE    0: diag_util_mod::opening_file: module/field_name (cloud_simple/qcl_rad) NOT registered
2025-09-17 16:12:20,881 - isca - DEBUG - 
2025-09-17 16:12:20,881 - isca - DEBUG - 
2025-09-17 16:12:20,881 - isca - WARNING - WARNING from PE    0: diag_util_mod::opening_file: module/field_name (cloud_simple/rh_min) NOT registered
2025-09-17 16:12:20,881 - isca - DEBUG - 
2025-09-17 16:12:20,881 - isca - DEBUG - 
2025-09-17 16:12:20,881 - isca - WARNING - WARNING from PE    0: diag_util_mod::opening_file: module/field_name (cloud_simple/rh_in_cf) NOT registered
2025-09-17 16:12:20,881 - isca - DEBUG - 
2025-09-17 16:12:20,881 - isca - DEBUG - 
2025-09-17 16:12:20,881 - isca - WARNING - WARNING from PE    0: diag_util_mod::opening_file: module/field_name (cloud_simple/rh_in_cf) NOT registered
2025-09-17 16:12:20,881 - isca - DEBUG - 
2025-09-17 16:12:21,155 - isca - DEBUG - NOTE from PE    0: MPP_IO_SET_STACK_SIZE: stack size set to    1003520.
2025-09-17 16:12:21,307 - isca - DEBUG - NOTE from PE    0: MPP_IO_SET_STACK_SIZE: stack size set to    8192000.
2025-09-17 16:12:21,741 - isca - DEBUG - NOTE from PE    0: MPP_IO_SET_STACK_SIZE: stack size set to   15728640.
2025-09-17 16:12:25,261 - isca - DEBUG - MPP_DOMAINS_STACK high water mark=     1966080
2025-09-17 16:12:25,261 - isca - DEBUG - 
2025-09-17 16:12:25,261 - isca - DEBUG - Tabulating mpp_clock statistics across     16 PEs...
2025-09-17 16:12:25,261 - isca - DEBUG - 
2025-09-17 16:12:25,261 - isca - DEBUG - tmin          tmax          tavg          tstd  tfrac grain pemin pemax
2025-09-17 16:12:25,262 - isca - DEBUG - Total runtime                       292.411993    292.413635    292.412859      0.000561  1.000     0     0    15
2025-09-17 16:12:25,262 - isca - DEBUG - MPP_STACK high water mark=           0
2025-09-17 16:12:25,556 - isca - INFO - Run 23 complete
Traceback (most recent call last):
  File "/home/x_ryabo/Isca-Ryan/exp/gasgiant/socrates_aquaplanet_cloud.py", line 468, in <module>
    exp.run(23, use_restart=restart_files, num_cores=NCORES, overwrite_data=overwrite)
  File "/home/x_ryabo/Isca-Ryan/src/extra/python/isca/helpers.py", line 22, in _destructive
    return fn(*args, **kwargs)
  File "/home/x_ryabo/Isca-Ryan/src/extra/python/isca/helpers.py", line 38, in _useworkdir
    return fn(*args, **kwargs)
  File "/home/x_ryabo/Isca-Ryan/src/extra/python/isca/experiment.py", line 314, in run
    combinetool(self.codebase.builddir, filebase)
  File "/home/x_ryabo/.local/lib/python3.9/site-packages/sh.py", line 1508, in __call__
    rc = self.__class__.RunningCommandCls(cmd, call_args, stdin, stdout, stderr)
  File "/home/x_ryabo/.local/lib/python3.9/site-packages/sh.py", line 737, in __init__
    self.wait()
  File "/home/x_ryabo/.local/lib/python3.9/site-packages/sh.py", line 799, in wait
    self.handle_command_exit_code(exit_code)
  File "/home/x_ryabo/.local/lib/python3.9/site-packages/sh.py", line 826, in handle_command_exit_code
    raise exc
sh.ErrorReturnCode_1: 

  RAN: /home/x_ryabo/Isca-Ryan_tmp/codebase/_home_x_ryabo_Isca-Ryan/build/soc_isca/mppnccombine_run.sh /home/x_ryabo/Isca-Ryan_tmp/codebase/_home_x_ryabo_Isca-Ryan/build/soc_isca /home/x_ryabo/Isca-Ryan_tmp/experiment/gasgiant/run/atmos_hourly.nc

  STDOUT:
loadmodules for Isca on NSC cluster Tetralith
mpiifort

Currently Loaded Modules:
  1) hpc/.1.10.1                            (H,S)
  2) buildtool-easybuild/4.9.4-hpc71cbb0050
  3) GCCcore/12.3.0
  4) zlib/.1.2.13                           (H)
  5) binutils/.2.40                         (H)
  6) intel-compilers/2023.1.0
  7) numactl/.2.0.16                        (H)
  8) UCX/1.14.1
  9) impi/.2021.9.0                         (H)
 10) imkl/.2023.1.0                         (H)
 11) imkl-FFTW/2023.1.0
 12) intel/2023a
 13) buildenv-intel/2023a-eb
 14) netCDF-HDF5/4.9.2-1.12.2-hpc1

  Where:
   H:  Hidden Module
   S:  Module is Sticky, requires --force to unload or purge
/home/x_ryabo/Isca-Ryan_tmp/codebase/_home_x_ryabo_Isca-Ryan/build/soc_... (5 more, please see e.stdout)

  STDERR:
The following modules were not unloaded:
  (Use "module --force purge" to unload all):

  1) hpc/.1.10.1
The following modules were not unloaded:
  (Use "module --force purge" to unload all):

  1) hpc/.1.10.1
***************************************************
You have loaded a buildenv module
***************************************************
The buldenv-intel module makes available:
 - Compilers: icc, ifort, etc.
 - Mpi library with mpi-wrapped compilers: intel mpi with mpicc, mpifort, etc.
 - Numerical libraries: intel MKL

It also makes a set of dependency library modules available via
the regular module command. Just do:
  module avail
to see what is available.

NOTE: You shoud never load build environments inside submitted jobs.
(wi... (205 more, please see e.stderr)
